Archive member included because of file (symbol)

contiki-sky.a(tailored-lwb.o)
                              lwb-test.co (tailored_lwb_process)
contiki-sky.a(slot-allocation)
                              contiki-sky.a(tailored-lwb.o) (prepare_slot_request)
contiki-sky.a(slot-participat)
                              contiki-sky.a(tailored-lwb.o) (set_forwarder_vector)
contiki-sky.a(energy-stats.o)
                              contiki-sky.a(tailored-lwb.o) (energy_update)
contiki-sky.a(contiki-sky-pla)
                              obj_sky/contiki-sky-main.o (init_platform)
contiki-sky.a(button-sensor.o)
                              contiki-sky.a(contiki-sky-pla) (button_sensor)
contiki-sky.a(ds2411.o)       obj_sky/contiki-sky-main.o (ds2411_init)
contiki-sky.a(xmem.o)         obj_sky/contiki-sky-main.o (xmem_init)
contiki-sky.a(node-id.o)      obj_sky/contiki-sky-main.o (node_id_restore)
contiki-sky.a(sensors.o)      contiki-sky.a(button-sensor.o) (sensors_changed)
contiki-sky.a(cc2420.o)       obj_sky/contiki-sky-main.o (cc2420_set_pan_addr)
contiki-sky.a(cc2420-arch.o)  contiki-sky.a(cc2420.o) (cc2420_arch_init)
contiki-sky.a(uart1.o)        obj_sky/contiki-sky-main.o (uart1_active)
contiki-sky.a(uart1-putchar.o)
                              obj_sky/contiki-sky-main.o (putchar)
contiki-sky.a(msp430.o)       contiki-sky.a(uart1.o) (msp430_add_lpm_req)
contiki-sky.a(clock.o)        obj_sky/contiki-sky-main.o (clock_init)
contiki-sky.a(leds.o)         obj_sky/contiki-sky-main.o (leds_init)
contiki-sky.a(leds-arch.o)    contiki-sky.a(leds.o) (leds_arch_init)
contiki-sky.a(watchdog.o)     obj_sky/contiki-sky-main.o (watchdog_start)
contiki-sky.a(rtimer-arch.o)  obj_sky/contiki-sky-main.o (rtimer_arch_now)
contiki-sky.a(autostart.o)    obj_sky/contiki-sky-main.o (autostart_start)
contiki-sky.a(ctimer.o)       obj_sky/contiki-sky-main.o (ctimer_init)
contiki-sky.a(energest.o)     obj_sky/contiki-sky-main.o (energest_init)
contiki-sky.a(etimer.o)       contiki-sky.a(clock.o) (etimer_request_poll)
contiki-sky.a(process.o)      contiki-sky.a(ctimer.o) (process_current)
contiki-sky.a(rtimer.o)       obj_sky/contiki-sky-main.o (rtimer_init)
contiki-sky.a(timer.o)        obj_sky/contiki-sky-main.o (timer_set)
contiki-sky.a(serial-line.o)  obj_sky/contiki-sky-main.o (serial_line_input_byte)
contiki-sky.a(ringbuf.o)      contiki-sky.a(serial-line.o) (ringbuf_init)
contiki-sky.a(list.o)         contiki-sky.a(ctimer.o) (list_init)
contiki-sky.a(random.o)       obj_sky/contiki-sky-main.o (random_init)
contiki-sky.a(rime.o)         obj_sky/contiki-sky-main.o (rime_driver)
contiki-sky.a(broadcast-annou)
                              contiki-sky.a(rime.o) (broadcast_announcement_init)
contiki-sky.a(abc.o)          contiki-sky.a(rime.o) (abc_input)
contiki-sky.a(announcement.o)
                              contiki-sky.a(rime.o) (announcement_init)
contiki-sky.a(broadcast.o)    contiki-sky.a(broadcast-annou) (broadcast_open)
contiki-sky.a(chameleon.o)    contiki-sky.a(rime.o) (chameleon_init)
contiki-sky.a(channel.o)      contiki-sky.a(chameleon.o) (channel_init)
contiki-sky.a(nullmac.o)      obj_sky/contiki-sky-main.o (nullmac_driver)
contiki-sky.a(nullrdc.o)      obj_sky/contiki-sky-main.o (nullrdc_driver)
contiki-sky.a(queuebuf.o)     contiki-sky.a(rime.o) (queuebuf_init)
contiki-sky.a(packetbuf.o)    contiki-sky.a(rime.o) (packetbuf_compact)
contiki-sky.a(linkaddr.o)     obj_sky/contiki-sky-main.o (linkaddr_copy)
contiki-sky.a(nullsec.o)      obj_sky/contiki-sky-main.o (nullsec_driver)
contiki-sky.a(tailored-glossy)
                              contiki-sky.a(tailored-lwb.o) (tailored_glossy_start)
contiki-sky.a(spi.o)          contiki-sky.a(xmem.o) (spi_init)
contiki-sky.a(nullradio.o)    contiki-sky.a(nullrdc.o) (nullradio_driver)
contiki-sky.a(memb.o)         contiki-sky.a(queuebuf.o) (memb_init)
contiki-sky.a(chameleon-bitop)
                              contiki-sky.a(chameleon.o) (chameleon_bitopt)
contiki-sky.a(mac.o)          contiki-sky.a(nullrdc.o) (mac_call_sent_callback)
contiki-sky.a(framer-nullmac.)
                              contiki-sky.a(nullrdc.o) (framer_nullmac)
contiki-sky.a(framer.o)       contiki-sky.a(framer-nullmac.) (framer_canonical_create_and_secure)
/usr/lib/gcc/msp430/4.6.3/mmpy-16/libgcc.a(_mulsi3.o)
                              contiki-sky.a(tailored-glossy) (__mulsi3)
/usr/lib/gcc/msp430/4.6.3/mmpy-16/libgcc.a(_udivmod16.o)
                              contiki-sky.a(tailored-lwb.o) (__umodhi3)
/usr/lib/gcc/msp430/4.6.3/mmpy-16/libgcc.a(_udivmod32.o)
                              obj_sky/contiki-sky-main.o (__udivsi3)
/usr/lib/gcc/msp430/4.6.3/mmpy-16/libgcc.a(_divmod32.o)
                              contiki-sky.a(energy-stats.o) (__divsi3)
/usr/lib/gcc/msp430/4.6.3/mmpy-16/libgcc.a(_fixunssfsi.o)
                              contiki-sky.a(tailored-glossy) (__fixunssfsi)
/usr/lib/gcc/msp430/4.6.3/mmpy-16/libgcc.a(_addsub_sf.o)
[...]
Memory Configuration

Name             Origin             Length             Attributes
sfr              0x0000000000000000 0x0000000000000010
peripheral_8bit  0x0000000000000010 0x00000000000000f0
peripheral_16bit 0x0000000000000100 0x0000000000000100
ram_mirror       0x0000000000000200 0x0000000000000800 xw
infomem          0x0000000000001000 0x0000000000000100
infob            0x0000000000001000 0x0000000000000080
infoa            0x0000000000001080 0x0000000000000080
ram              0x0000000000001100 0x0000000000002800 xw
rom              0x0000000000004000 0x000000000000bfe0 xr
vectors          0x000000000000ffe0 0x0000000000000020
bsl              0x0000000000000000 0x0000000000000000
infoc            0x0000000000000000 0x0000000000000000
infod            0x0000000000000000 0x0000000000000000
ram2             0x0000000000000000 0x0000000000000000 xw
usbram           0x0000000000000000 0x0000000000000000 xw
far_rom          0x0000000000000000 0x0000000000000000
*default*        0x0000000000000000 0xffffffffffffffff

Linker script and memory map

LOAD /usr/lib/gcc/msp430/4.6.3/mmpy-16/crt0ivtbl16.o
Address of section .glossy set to 0x4000
Address of section .text set to 0x4400
LOAD lwb-test.co
LOAD obj_sky/contiki-sky-main.o
LOAD contiki-sky.a
LOAD /usr/lib/gcc/msp430/4.6.3/mmpy-16/libgcc.a
LOAD /usr/lib/gcc/msp430/4.6.3/../../../../msp430/lib/mmpy-16/libc.a
LOAD /usr/lib/gcc/msp430/4.6.3/mmpy-16/libgcc.a
LOAD /usr/lib/gcc/msp430/4.6.3/mmpy-16/libcrt0.a
                0x0000000000000080                PROVIDE (__info_segment_size, 0x80)
                0x0000000000001000                PROVIDE (__infob, 0x1000)
                0x0000000000001080                PROVIDE (__infoa, 0x1080)
                0x0000000000000000                __IE1 = 0x0
                0x0000000000000002                __IFG1 = 0x2
                0x0000000000000004                __ME1 = 0x4
                0x0000000000000001                __IE2 = 0x1
                0x0000000000000003                __IFG2 = 0x3
                0x0000000000000005                __ME2 = 0x5
                0x0000000000000120                __WDTCTL = 0x120
                0x0000000000000130                __MPY = 0x130
                0x0000000000000132                __MPYS = 0x132
                0x0000000000000134                __MAC = 0x134
                0x0000000000000136                __MACS = 0x136
                0x0000000000000138                __OP2 = 0x138
                0x000000000000013a                __RESLO = 0x13a
                0x000000000000013c                __RESHI = 0x13c
                0x000000000000013e                __SUMEXT = 0x13e
                0x0000000000000020                __P1IN = 0x20
                0x0000000000000021                __P1OUT = 0x21
                0x0000000000000022                __P1DIR = 0x22
                0x0000000000000023                __P1IFG = 0x23
                0x0000000000000024                __P1IES = 0x24
                0x0000000000000025                __P1IE = 0x25
                0x0000000000000026                __P1SEL = 0x26
                0x0000000000000028                __P2IN = 0x28
                0x0000000000000029                __P2OUT = 0x29
                0x000000000000002a                __P2DIR = 0x2a
                0x000000000000002b                __P2IFG = 0x2b
                0x000000000000002c                __P2IES = 0x2c
                0x000000000000002d                __P2IE = 0x2d
                0x000000000000002e                __P2SEL = 0x2e
                0x0000000000000018                __P3IN = 0x18
                0x0000000000000019                __P3OUT = 0x19
                0x000000000000001a                __P3DIR = 0x1a
                0x000000000000001b                __P3SEL = 0x1b
                0x000000000000001c                __P4IN = 0x1c
                0x000000000000001d                __P4OUT = 0x1d
                0x000000000000001e                __P4DIR = 0x1e
                0x000000000000001f                __P4SEL = 0x1f
                0x0000000000000030                __P5IN = 0x30
                0x0000000000000031                __P5OUT = 0x31
                0x0000000000000032                __P5DIR = 0x32
                0x0000000000000033                __P5SEL = 0x33
                0x0000000000000034                __P6IN = 0x34
                0x0000000000000035                __P6OUT = 0x35
                0x0000000000000036                __P6DIR = 0x36
                0x0000000000000037                __P6SEL = 0x37
                0x0000000000000070                __U0CTL = 0x70
                0x0000000000000071                __U0TCTL = 0x71
                0x0000000000000072                __U0RCTL = 0x72
                0x0000000000000073                __U0MCTL = 0x73
                0x0000000000000074                __U0BR0 = 0x74
                0x0000000000000075                __U0BR1 = 0x75
                0x0000000000000076                __U0RXBUF = 0x76
                0x0000000000000077                __U0TXBUF = 0x77
                0x0000000000000078                __U1CTL = 0x78
                0x0000000000000079                __U1TCTL = 0x79
                0x000000000000007a                __U1RCTL = 0x7a
                0x000000000000007b                __U1MCTL = 0x7b
                0x000000000000007c                __U1BR0 = 0x7c
                0x000000000000007d                __U1BR1 = 0x7d
                0x000000000000007e                __U1RXBUF = 0x7e
                0x000000000000007f                __U1TXBUF = 0x7f
                0x0000000000000050                __I2CIE = 0x50
                0x0000000000000051                __I2CIFG = 0x51
                0x0000000000000052                __I2CNDAT = 0x52
                0x0000000000000071                __I2CTCTL = 0x71
                0x0000000000000072                __I2CDCTL = 0x72
                0x0000000000000073                __I2CPSC = 0x73
                0x0000000000000074                __I2CSCLH = 0x74
                0x0000000000000075                __I2CSCLL = 0x75
                0x0000000000000076                __I2CDRB = 0x76
                0x0000000000000076                __I2CDRW = 0x76
                0x0000000000000118                __I2COA = 0x118
                0x000000000000011a                __I2CSA = 0x11a
                0x000000000000011c                __I2CIV = 0x11c
                0x000000000000012e                __TAIV = 0x12e
                0x0000000000000160                __TACTL = 0x160
                0x0000000000000162                __TACCTL0 = 0x162
                0x0000000000000164                __TACCTL1 = 0x164
                0x0000000000000166                __TACCTL2 = 0x166
                0x0000000000000170                __TAR = 0x170
                0x0000000000000172                __TACCR0 = 0x172
                0x0000000000000174                __TACCR1 = 0x174
                0x0000000000000176                __TACCR2 = 0x176
                0x000000000000011e                __TBIV = 0x11e
                0x0000000000000180                __TBCTL = 0x180
                0x0000000000000182                __TBCCTL0 = 0x182
                0x0000000000000184                __TBCCTL1 = 0x184
                0x0000000000000186                __TBCCTL2 = 0x186
                0x0000000000000188                __TBCCTL3 = 0x188
                0x000000000000018a                __TBCCTL4 = 0x18a
                0x000000000000018c                __TBCCTL5 = 0x18c
                0x000000000000018e                __TBCCTL6 = 0x18e
                0x0000000000000190                __TBR = 0x190
                0x0000000000000192                __TBCCR0 = 0x192
                0x0000000000000194                __TBCCR1 = 0x194
                0x0000000000000196                __TBCCR2 = 0x196
                0x0000000000000198                __TBCCR3 = 0x198
                0x000000000000019a                __TBCCR4 = 0x19a
                0x000000000000019c                __TBCCR5 = 0x19c
                0x000000000000019e                __TBCCR6 = 0x19e
                0x0000000000000056                __DCOCTL = 0x56
                0x0000000000000057                __BCSCTL1 = 0x57
                0x0000000000000058                __BCSCTL2 = 0x58
                0x0000000000000055                __SVSCTL = 0x55
                0x0000000000000128                __FCTL1 = 0x128
                0x000000000000012a                __FCTL2 = 0x12a
                0x000000000000012c                __FCTL3 = 0x12c
                0x0000000000000059                __CACTL1 = 0x59
                0x000000000000005a                __CACTL2 = 0x5a
                0x000000000000005b                __CAPD = 0x5b
                0x00000000000001a0                __ADC12CTL0 = 0x1a0
                0x00000000000001a2                __ADC12CTL1 = 0x1a2
                0x00000000000001a4                __ADC12IFG = 0x1a4
                0x00000000000001a6                __ADC12IE = 0x1a6
                0x00000000000001a8                __ADC12IV = 0x1a8
                0x0000000000000140                __ADC12MEM0 = 0x140
                0x0000000000000142                __ADC12MEM1 = 0x142
                0x0000000000000144                __ADC12MEM2 = 0x144
                0x0000000000000146                __ADC12MEM3 = 0x146
                0x0000000000000148                __ADC12MEM4 = 0x148
                0x000000000000014a                __ADC12MEM5 = 0x14a
                0x000000000000014c                __ADC12MEM6 = 0x14c
                0x000000000000014e                __ADC12MEM7 = 0x14e
                0x0000000000000150                __ADC12MEM8 = 0x150
                0x0000000000000152                __ADC12MEM9 = 0x152
                0x0000000000000154                __ADC12MEM10 = 0x154
                0x0000000000000156                __ADC12MEM11 = 0x156
                0x0000000000000158                __ADC12MEM12 = 0x158
                0x000000000000015a                __ADC12MEM13 = 0x15a
                0x000000000000015c                __ADC12MEM14 = 0x15c
                0x000000000000015e                __ADC12MEM15 = 0x15e
                0x0000000000000080                __ADC12MCTL0 = 0x80
                0x0000000000000081                __ADC12MCTL1 = 0x81
                0x0000000000000082                __ADC12MCTL2 = 0x82
                0x0000000000000083                __ADC12MCTL3 = 0x83
                0x0000000000000084                __ADC12MCTL4 = 0x84
                0x0000000000000085                __ADC12MCTL5 = 0x85
                0x0000000000000086                __ADC12MCTL6 = 0x86
                0x0000000000000087                __ADC12MCTL7 = 0x87
                0x0000000000000088                __ADC12MCTL8 = 0x88
                0x0000000000000089                __ADC12MCTL9 = 0x89
                0x000000000000008a                __ADC12MCTL10 = 0x8a
                0x000000000000008b                __ADC12MCTL11 = 0x8b
                0x000000000000008c                __ADC12MCTL12 = 0x8c
                0x000000000000008d                __ADC12MCTL13 = 0x8d
                0x000000000000008e                __ADC12MCTL14 = 0x8e
                0x000000000000008f                __ADC12MCTL15 = 0x8f
                0x00000000000001c0                __DAC12_0CTL = 0x1c0
                0x00000000000001c2                __DAC12_1CTL = 0x1c2
                0x00000000000001c8                __DAC12_0DAT = 0x1c8
                0x00000000000001ca                __DAC12_1DAT = 0x1ca
                0x0000000000000122                __DMACTL0 = 0x122
                0x0000000000000124                __DMACTL1 = 0x124
                0x00000000000001e0                __DMA0CTL = 0x1e0
                0x00000000000001e8                __DMA1CTL = 0x1e8
                0x00000000000001f0                __DMA2CTL = 0x1f0
                0x00000000000001e2                __DMA0SA = 0x1e2
                0x00000000000001e4                __DMA0DA = 0x1e4
                0x00000000000001e6                __DMA0SZ = 0x1e6
                0x00000000000001ea                __DMA1SA = 0x1ea
                0x00000000000001ec                __DMA1DA = 0x1ec
                0x00000000000001ee                __DMA1SZ = 0x1ee
                0x00000000000001f2                __DMA2SA = 0x1f2
                0x00000000000001f4                __DMA2DA = 0x1f4
                0x00000000000001f6                __DMA2SZ = 0x1f6

.hash
 *(.hash)

.dynsym
 *(.dynsym)

.dynstr
 *(.dynstr)

.gnu.version
 *(.gnu.version)

.gnu.version_d
 *(.gnu.version_d)

.gnu.version_r
 *(.gnu.version_r)

.rel.init
 *(.rel.init)

.rela.init
 *(.rela.init)

.rel.fini
 *(.rel.fini)

.rela.fini
 *(.rela.fini)

.rel.text
 *(.rel.text .rel.text.* .rel.gnu.linkonce.t.*)

.rela.text
 *(.rela.text .rela.text.* .rela.gnu.linkonce.t.*)

.rel.rodata
 *(.rel.rodata .rel.rodata.* .rel.gnu.linkonce.r.*)

.rela.rodata
 *(.rela.rodata .rela.rodata.* .rela.gnu.linkonce.r.*)

.rel.data
 *(.rel.data .rel.data.* .rel.gnu.linkonce.d.*)

.rela.data
 *(.rela.data .rela.data.* .rela.gnu.linkonce.d.*)

.rel.bss
 *(.rel.bss .rel.bss.* .rel.gnu.linkonce.b.*)

.rela.bss
 *(.rela.bss .rela.bss.* .rela.gnu.linkonce.b.*)

.rel.ctors
 *(.rel.ctors)

.rela.ctors
 *(.rela.ctors)

.rel.dtors
 *(.rel.dtors)

.rela.dtors
 *(.rela.dtors)

.rel.got
 *(.rel.got)

.rela.got
 *(.rela.got)

.rel.plt
 *(.rel.plt)

.rela.plt
 *(.rela.plt)

.text           0x0000000000004400     0x5d16
                0x0000000000004400                . = ALIGN (0x2)
 *(.init .init.*)
 *(.init0)
 .init0         0x0000000000004400        0x0 /usr/lib/gcc/msp430/4.6.3/mmpy-16/libcrt0.a(_reset_vector__.o)
                0x0000000000004400                _reset_vector__
 *(.init1)
 .init1         0x0000000000004400        0xc /usr/lib/gcc/msp430/4.6.3/mmpy-16/libcrt0.a(__watchdog_support.o)
                0x0000000000004400                __watchdog_support
 *(.init2)
 .init2         0x000000000000440c        0x4 /usr/lib/gcc/msp430/4.6.3/mmpy-16/libcrt0.a(__init_stack.o)
                0x000000000000440c                __init_stack
 *(.init3)
 .init3         0x0000000000004410        0x0 /usr/lib/gcc/msp430/4.6.3/mmpy-16/libcrt0.a(__low_level_init.o)
                0x0000000000004410                __low_level_init
 *(.init4)
 .init4         0x0000000000004410       0x18 /usr/lib/gcc/msp430/4.6.3/mmpy-16/libcrt0.a(_copy_data.o)
                0x0000000000004410                __do_copy_data
 .init4         0x0000000000004428       0x16 /usr/lib/gcc/msp430/4.6.3/mmpy-16/libcrt0.a(_clear_bss.o)
                0x0000000000004428                __do_clear_bss
 *(.init5)
 *(.init6)
 *(.init7)
 *(.init8)
 *(.init9)
 .init9         0x000000000000443e      0x2d0 obj_sky/contiki-sky-main.o
                0x000000000000443e                main
 *(.fini9)
 .fini9         0x000000000000470e        0x0 /usr/lib/gcc/msp430/4.6.3/mmpy-16/libcrt0.a(__stop_progExec__.o)
                0x000000000000470e                __stop_progExec__
 *(.fini8)
 *(.fini7)
 *(.fini6)
 *(.fini5)
 *(.fini4)
 *(.fini3)
 *(.fini2)
 *(.fini1)
 *(.fini0)
 .fini0         0x000000000000470e        0x6 /usr/lib/gcc/msp430/4.6.3/mmpy-16/libcrt0.a(_endless_loop__.o)
                0x000000000000470e                _endless_loop__
 *(.fini .fini.*)
                0x0000000000004714                . = ALIGN (0x2)
                0x0000000000004714                __ctors_start = .
 *(.ctors)
                0x0000000000004714                __ctors_end = .
                0x0000000000004714                __dtors_start = .
 *(.dtors)
                0x0000000000004714                __dtors_end = .
                0x0000000000004714                . = ALIGN (0x2)
 *(.text .text.* .gnu.linkonce.t.*)
 .text          0x0000000000004714        0x4 /usr/lib/gcc/msp430/4.6.3/mmpy-16/crt0ivtbl16.o
                0x0000000000004714                __isr_14
                0x0000000000004714                __isr_11
                0x0000000000004714                __isr_2
                0x0000000000004714                __isr_7
                0x0000000000004714                __isr_0
                0x0000000000004714                __isr_8
                0x0000000000004714                __isr_3
                0x0000000000004714                __isr_13
                0x0000000000004714                __isr_9
 .text.process_thread_lwb_test
                0x0000000000004718       0x20 lwb-test.co
 .text.start_network_layer
                0x0000000000004738       0x3c obj_sky/contiki-sky-main.o
 .text.process_thread_tailored_lwb_process
                0x0000000000004774       0x54 contiki-sky.a(tailored-lwb.o)
 .text.process_thread_tailored_lwb_print_process
                0x00000000000047c8       0x82 contiki-sky.a(tailored-lwb.o)
 .text.reset_parameters
                0x000000000000484a       0x58 contiki-sky.a(tailored-lwb.o)
 .text.estimate_period_skew
                0x00000000000048a2       0x42 contiki-sky.a(tailored-lwb.o)
 .text.filled_superframe
                0x00000000000048e4       0x3c contiki-sky.a(tailored-lwb.o)
                0x00000000000048e4                filled_superframe
 .text.prepare_next_superframe
                0x0000000000004920       0x66 contiki-sky.a(tailored-lwb.o)
                0x0000000000004920                prepare_next_superframe
 .text.next_radio_activity_schedule
                0x0000000000004986       0xce contiki-sky.a(tailored-lwb.o)
                0x0000000000004986                next_radio_activity_schedule
 .text.node_init
                0x0000000000004a54       0x2a contiki-sky.a(tailored-lwb.o)
                0x0000000000004a54                node_init
 .text.prepare_sync_packet
                0x0000000000004a7e       0x3e contiki-sky.a(tailored-lwb.o)
                0x0000000000004a7e                prepare_sync_packet
 .text.process_sync_packet
                0x0000000000004abc      0x17a contiki-sky.a(tailored-lwb.o)
                0x0000000000004abc                process_sync_packet
 .text.prepare_data
                0x0000000000004c36       0x4a contiki-sky.a(tailored-lwb.o)
                0x0000000000004c36                prepare_data
 .text.process_data
                0x0000000000004c80       0x38 contiki-sky.a(tailored-lwb.o)
                0x0000000000004c80                process_data
 .text.proecess_rr_data
                0x0000000000004cb8       0x72 contiki-sky.a(tailored-lwb.o)
                0x0000000000004cb8                proecess_rr_data
 .text.tailored_lwb_scheduler
                0x0000000000004d2a      0x176 contiki-sky.a(tailored-lwb.o)
                0x0000000000004d2a                tailored_lwb_scheduler
 .text.prepare_slot_request
                0x0000000000004ea0       0x2e contiki-sky.a(slot-allocation)
                0x0000000000004ea0                prepare_slot_request
 .text.handle_slot_request
                0x0000000000004ece       0x3e contiki-sky.a(slot-allocation)
                0x0000000000004ece                handle_slot_request
 .text.handle_slot_reply
                0x0000000000004f0c       0x28 contiki-sky.a(slot-allocation)
                0x0000000000004f0c                handle_slot_reply
 .text.set_forwarder_vector
                0x0000000000004f34       0x10 contiki-sky.a(slot-participat)
                0x0000000000004f34                set_forwarder_vector
 .text.update_participation_vector
                0x0000000000004f44       0x24 contiki-sky.a(slot-participat)
                0x0000000000004f44                update_participation_vector
 .text.decide_participation
                0x0000000000004f68       0x28 contiki-sky.a(slot-participat)
                0x0000000000004f68                decide_participation
 .text.energy_update
                0x0000000000004f90      0x18e contiki-sky.a(energy-stats.o)
                0x0000000000004f90                energy_update
 .text.initiate_energy_accounting
                0x000000000000511e       0x46 contiki-sky.a(energy-stats.o)
                0x000000000000511e                initiate_energy_accounting
 .text.init_platform
                0x0000000000005164        0xc contiki-sky.a(contiki-sky-pla)
                0x0000000000005164                init_platform
 .text.status   0x0000000000005170       0x16 contiki-sky.a(button-sensor.o)
 .text.configure
                0x0000000000005186       0x52 contiki-sky.a(button-sensor.o)
 .text.value    0x00000000000051d8       0x22 contiki-sky.a(button-sensor.o)
 .text.irq_p2   0x00000000000051fa       0x8a contiki-sky.a(button-sensor.o)
                0x00000000000051fa                irq_p2
                0x00000000000051fa                __isr_1
 .text.owreadb  0x0000000000005284       0x52 contiki-sky.a(ds2411.o)
 .text.ds2411_init
                0x00000000000052d6      0x122 contiki-sky.a(ds2411.o)
                0x00000000000052d6                ds2411_init
 .text.wait_ready
                0x00000000000053f8       0x50 contiki-sky.a(xmem.o)
 .text.xmem_init
                0x0000000000005448       0x3e contiki-sky.a(xmem.o)
                0x0000000000005448                xmem_init
 .text.xmem_pread
                0x0000000000005486       0xea contiki-sky.a(xmem.o)
                0x0000000000005486                xmem_pread
 .text.node_id_restore
                0x0000000000005570       0x38 contiki-sky.a(node-id.o)
                0x0000000000005570                node_id_restore
 .text.process_thread_sensors_process
                0x00000000000055a8       0xbe contiki-sky.a(sensors.o)
 .text.sensors_changed
                0x0000000000005666       0x2a contiki-sky.a(sensors.o)
                0x0000000000005666                sensors_changed
 .text.get_object
                0x0000000000005690        0x4 contiki-sky.a(cc2420.o)
 .text.set_object
                0x0000000000005694        0x4 contiki-sky.a(cc2420.o)
 .text.strobe   0x0000000000005698       0x20 contiki-sky.a(cc2420.o)
 .text.getreg   0x00000000000056b8       0x54 contiki-sky.a(cc2420.o)
 .text.setreg   0x000000000000570c       0x52 contiki-sky.a(cc2420.o)
 .text.write_ram
                0x000000000000575e       0x80 contiki-sky.a(cc2420.o)
 .text.write_fifo_buf
                0x00000000000057de       0x40 contiki-sky.a(cc2420.o)
 .text.get_status
                0x000000000000581e       0x24 contiki-sky.a(cc2420.o)
 .text.set_txpower
                0x0000000000005842       0x26 contiki-sky.a(cc2420.o)
 .text.cc2420_receiving_packet
                0x0000000000005868        0xe contiki-sky.a(cc2420.o)
 .text.pending_packet
                0x0000000000005876        0x8 contiki-sky.a(cc2420.o)
 .text.on       0x000000000000587e       0x1e contiki-sky.a(cc2420.o)
 .text.wait_for_transmission
                0x000000000000589c       0x22 contiki-sky.a(cc2420.o)
 .text.wait_for_status
                0x00000000000058be       0x2a contiki-sky.a(cc2420.o)
 .text.getrxdata
                0x00000000000058e8       0x56 contiki-sky.a(cc2420.o)
 .text.flushrx  0x000000000000593e       0x1a contiki-sky.a(cc2420.o)
 .text.off      0x0000000000005958       0x5a contiki-sky.a(cc2420.o)
 .text.RELEASE_LOCK
                0x00000000000059b2       0x28 contiki-sky.a(cc2420.o)
 .text.set_key  0x00000000000059da       0x18 contiki-sky.a(cc2420.o)
 .text.cc2420_prepare
                0x00000000000059f2       0x3c contiki-sky.a(cc2420.o)
 .text.cc2420_on
                0x0000000000005a2e       0x22 contiki-sky.a(cc2420.o)
                0x0000000000005a2e                cc2420_on
 .text.cc2420_off
                0x0000000000005a50       0x30 contiki-sky.a(cc2420.o)
                0x0000000000005a50                cc2420_off
 .text.cc2420_cca
                0x0000000000005a80       0x5e contiki-sky.a(cc2420.o)
 .text.cc2420_read
                0x0000000000005ade       0xb2 contiki-sky.a(cc2420.o)
 .text.process_thread_cc2420_process
                0x0000000000005b90       0x56 contiki-sky.a(cc2420.o)
 .text.encrypt  0x0000000000005be6       0x8e contiki-sky.a(cc2420.o)
 .text.cc2420_set_channel
                0x0000000000005c74       0x3c contiki-sky.a(cc2420.o)
                0x0000000000005c74                cc2420_set_channel
 .text.cc2420_set_pan_addr
                0x0000000000005cb0       0x4c contiki-sky.a(cc2420.o)
                0x0000000000005cb0                cc2420_set_pan_addr
 .text.cc2420_interrupt
                0x0000000000005cfc       0x18 contiki-sky.a(cc2420.o)
                0x0000000000005cfc                cc2420_interrupt
 .text.cc2420_set_txpower
                0x0000000000005d14        0xe contiki-sky.a(cc2420.o)
                0x0000000000005d14                cc2420_set_txpower
 .text.cc2420_get_txpower
                0x0000000000005d22       0x1e contiki-sky.a(cc2420.o)
                0x0000000000005d22                cc2420_get_txpower
 .text.cc2420_transmit
                0x0000000000005d40      0x146 contiki-sky.a(cc2420.o)
 .text.cc2420_send
                0x0000000000005e86       0x12 contiki-sky.a(cc2420.o)
 .text.cc2420_rssi
                0x0000000000005e98       0x4c contiki-sky.a(cc2420.o)
                0x0000000000005e98                cc2420_rssi
 .text.get_value
                0x0000000000005ee4       0xac contiki-sky.a(cc2420.o)
 .text.cc2420_set_cca_threshold
                0x0000000000005f90       0x16 contiki-sky.a(cc2420.o)
                0x0000000000005f90                cc2420_set_cca_threshold
 .text.set_value
                0x0000000000005fa6       0x8a contiki-sky.a(cc2420.o)
 .text.cc2420_init
                0x0000000000006030       0xe2 contiki-sky.a(cc2420.o)
                0x0000000000006030                cc2420_init
 .text.cc2420_port1_interrupt
                0x0000000000006112       0x62 contiki-sky.a(cc2420-arch.o)
                0x0000000000006112                __isr_4
                0x0000000000006112                cc2420_port1_interrupt
 .text.cc2420_arch_init
                0x0000000000006174       0x1a contiki-sky.a(cc2420-arch.o)
                0x0000000000006174                cc2420_arch_init
 .text.handle_rxdma_timer
                0x000000000000618e       0x3a contiki-sky.a(uart1.o)
 .text.uart1_active
                0x00000000000061c8       0x1a contiki-sky.a(uart1.o)
                0x00000000000061c8                uart1_active
 .text.uart1_set_input
                0x00000000000061e2       0x20 contiki-sky.a(uart1.o)
                0x00000000000061e2                uart1_set_input
 .text.uart1_writeb
                0x0000000000006202       0x1a contiki-sky.a(uart1.o)
                0x0000000000006202                uart1_writeb
 .text.uart1_init
                0x000000000000621c       0xf6 contiki-sky.a(uart1.o)
                0x000000000000621c                uart1_init
 .text.putchar  0x0000000000006312       0x10 contiki-sky.a(uart1-putchar.o)
                0x0000000000006312                putchar
 .text.msp430_init_dco
                0x0000000000006322       0x84 contiki-sky.a(msp430.o)
                0x0000000000006322                msp430_init_dco
 .text.msp430_add_lpm_req
                0x00000000000063a6        0xc contiki-sky.a(msp430.o)
                0x00000000000063a6                msp430_add_lpm_req
 .text.msp430_cpu_init
                0x00000000000063b2       0x2a contiki-sky.a(msp430.o)
                0x00000000000063b2                msp430_cpu_init
 .text.splhigh_
                0x00000000000063dc        0x8 contiki-sky.a(msp430.o)
                0x00000000000063dc                splhigh_
 .text.msp430_sync_dco
                0x00000000000063e4       0x68 contiki-sky.a(msp430.o)
                0x00000000000063e4                msp430_sync_dco
 .text.timera1  0x000000000000644c      0x11e contiki-sky.a(clock.o)
                0x000000000000644c                __isr_5
                0x000000000000644c                timera1
 .text.clock_time
                0x000000000000656a       0x1a contiki-sky.a(clock.o)
                0x000000000000656a                clock_time
 .text.clock_init
                0x0000000000006584       0x28 contiki-sky.a(clock.o)
                0x0000000000006584                clock_init
 .text.clock_delay
                0x00000000000065ac        0xc contiki-sky.a(clock.o)
                0x00000000000065ac                clock_delay
 .text.clock_seconds
                0x00000000000065b8       0x1a contiki-sky.a(clock.o)
                0x00000000000065b8                clock_seconds
 .text.show_leds
                0x00000000000065d2       0xf6 contiki-sky.a(leds.o)
 .text.leds_init
                0x00000000000066c8        0xa contiki-sky.a(leds.o)
                0x00000000000066c8                leds_init
 .text.leds_on  0x00000000000066d2        0xa contiki-sky.a(leds.o)
                0x00000000000066d2                leds_on
 .text.leds_off
                0x00000000000066dc        0xe contiki-sky.a(leds.o)
                0x00000000000066dc                leds_off
 .text.leds_arch_init
                0x00000000000066ea        0xe contiki-sky.a(leds-arch.o)
                0x00000000000066ea                leds_arch_init
 .text.leds_arch_set
                0x00000000000066f8       0x3a contiki-sky.a(leds-arch.o)
                0x00000000000066f8                leds_arch_set
 .text.watchdog_interrupt
                0x0000000000006732        0x6 contiki-sky.a(watchdog.o)
                0x0000000000006732                __isr_10
                0x0000000000006732                watchdog_interrupt
 .text.watchdog_start
                0x0000000000006738       0x14 contiki-sky.a(watchdog.o)
                0x0000000000006738                watchdog_start
 .text.watchdog_periodic
                0x000000000000674c       0x12 contiki-sky.a(watchdog.o)
                0x000000000000674c                watchdog_periodic
 .text.watchdog_stop
                0x000000000000675e       0x16 contiki-sky.a(watchdog.o)
                0x000000000000675e                watchdog_stop
 .text.watchdog_init
                0x0000000000006774       0x14 contiki-sky.a(watchdog.o)
                0x0000000000006774                watchdog_init
 .text.rtimer_arch_init
                0x0000000000006788        0xe contiki-sky.a(rtimer-arch.o)
                0x0000000000006788                rtimer_arch_init
 .text.rtimer_arch_now
                0x0000000000006796        0xe contiki-sky.a(rtimer-arch.o)
                0x0000000000006796                rtimer_arch_now
 .text.timera0  0x00000000000067a4       0x70 contiki-sky.a(rtimer-arch.o)
                0x00000000000067a4                __isr_6
                0x00000000000067a4                timera0
 .text.rtimer_arch_schedule
                0x0000000000006814        0x6 contiki-sky.a(rtimer-arch.o)
                0x0000000000006814                rtimer_arch_schedule
 .text.autostart_start
                0x000000000000681a       0x16 contiki-sky.a(autostart.o)
                0x000000000000681a                autostart_start
 .text.process_thread_ctimer_process
                0x0000000000006830       0xa4 contiki-sky.a(ctimer.o)
 .text.ctimer_init
                0x00000000000068d4       0x18 contiki-sky.a(ctimer.o)
                0x00000000000068d4                ctimer_init
 .text.ctimer_set
                0x00000000000068ec       0x50 contiki-sky.a(ctimer.o)
                0x00000000000068ec                ctimer_set
 .text.ctimer_reset
                0x000000000000693c       0x30 contiki-sky.a(ctimer.o)
                0x000000000000693c                ctimer_reset
 .text.energest_init
                0x000000000000696c       0x28 contiki-sky.a(energest.o)
                0x000000000000696c                energest_init
 .text.energest_type_time
                0x0000000000006994       0x46 contiki-sky.a(energest.o)
                0x0000000000006994                energest_type_time
 .text.energest_type_set
                0x00000000000069da        0xe contiki-sky.a(energest.o)
                0x00000000000069da                energest_type_set
 .text.energest_flush
                0x00000000000069e8       0x48 contiki-sky.a(energest.o)
                0x00000000000069e8                energest_flush
 .text.update_time
                0x0000000000006a30       0x78 contiki-sky.a(etimer.o)
 .text.etimer_request_poll
                0x0000000000006aa8        0xa contiki-sky.a(etimer.o)
                0x0000000000006aa8                etimer_request_poll
 .text.process_thread_etimer_process
                0x0000000000006ab2       0xc8 contiki-sky.a(etimer.o)
 .text.add_timer
                0x0000000000006b7a       0x40 contiki-sky.a(etimer.o)
 .text.etimer_set
                0x0000000000006bba       0x12 contiki-sky.a(etimer.o)
                0x0000000000006bba                etimer_set
 .text.etimer_reset
                0x0000000000006bcc       0x12 contiki-sky.a(etimer.o)
                0x0000000000006bcc                etimer_reset
 .text.etimer_pending
                0x0000000000006bde        0xc contiki-sky.a(etimer.o)
                0x0000000000006bde                etimer_pending
 .text.etimer_next_expiration_time
                0x0000000000006bea       0x16 contiki-sky.a(etimer.o)
                0x0000000000006bea                etimer_next_expiration_time
 .text.call_process
                0x0000000000006c00       0x4a contiki-sky.a(process.o)
 .text.exit_process
                0x0000000000006c4a       0x96 contiki-sky.a(process.o)
 .text.do_poll  0x0000000000006ce0       0x30 contiki-sky.a(process.o)
 .text.process_alloc_event
                0x0000000000006d10        0xe contiki-sky.a(process.o)
                0x0000000000006d10                process_alloc_event
 .text.process_init
                0x0000000000006d1e       0x1c contiki-sky.a(process.o)
                0x0000000000006d1e                process_init
 .text.process_run
                0x0000000000006d3a       0xa2 contiki-sky.a(process.o)
                0x0000000000006d3a                process_run
 .text.process_nevents
                0x0000000000006ddc        0xe contiki-sky.a(process.o)
                0x0000000000006ddc                process_nevents
 .text.process_post
                0x0000000000006dea       0x54 contiki-sky.a(process.o)
                0x0000000000006dea                process_post
 .text.process_post_synch
                0x0000000000006e3e       0x12 contiki-sky.a(process.o)
                0x0000000000006e3e                process_post_synch
 .text.process_start
                0x0000000000006e50       0x32 contiki-sky.a(process.o)
                0x0000000000006e50                process_start
 .text.process_poll
                0x0000000000006e82       0x18 contiki-sky.a(process.o)
                0x0000000000006e82                process_poll
 .text.rtimer_init
                0x0000000000006e9a        0x6 contiki-sky.a(rtimer.o)
                0x0000000000006e9a                rtimer_init
 .text.rtimer_set
                0x0000000000006ea0       0x24 contiki-sky.a(rtimer.o)
                0x0000000000006ea0                rtimer_set
 .text.rtimer_run_next
                0x0000000000006ec4       0x26 contiki-sky.a(rtimer.o)
                0x0000000000006ec4                rtimer_run_next
 .text.timer_set
                0x0000000000006eea       0x1c contiki-sky.a(timer.o)
                0x0000000000006eea                timer_set
 .text.timer_reset
                0x0000000000006f06        0xe contiki-sky.a(timer.o)
                0x0000000000006f06                timer_reset
 .text.timer_expired
                0x0000000000006f14       0x2a contiki-sky.a(timer.o)
                0x0000000000006f14                timer_expired
 .text.process_thread_serial_line_process
                0x0000000000006f3e       0x9c contiki-sky.a(serial-line.o)
 .text.serial_line_input_byte
                0x0000000000006fda       0x4a contiki-sky.a(serial-line.o)
                0x0000000000006fda                serial_line_input_byte
 .text.serial_line_init
                0x0000000000007024       0x1c contiki-sky.a(serial-line.o)
                0x0000000000007024                serial_line_init
 .text.ringbuf_init
                0x0000000000007040       0x14 contiki-sky.a(ringbuf.o)
                0x0000000000007040                ringbuf_init
 .text.ringbuf_put
                0x0000000000007054       0x38 contiki-sky.a(ringbuf.o)
                0x0000000000007054                ringbuf_put
 .text.ringbuf_get
                0x000000000000708c       0x32 contiki-sky.a(ringbuf.o)
                0x000000000000708c                ringbuf_get
 .text.list_init
                0x00000000000070be        0x6 contiki-sky.a(list.o)
                0x00000000000070be                list_init
 .text.list_head
                0x00000000000070c4        0x4 contiki-sky.a(list.o)
                0x00000000000070c4                list_head
 .text.list_tail
                0x00000000000070c8       0x12 contiki-sky.a(list.o)
                0x00000000000070c8                list_tail
 .text.list_remove
                0x00000000000070da       0x34 contiki-sky.a(list.o)
                0x00000000000070da                list_remove
 .text.list_add
                0x000000000000710e       0x2a contiki-sky.a(list.o)
                0x000000000000710e                list_add
 .text.list_item_next
                0x0000000000007138        0xc contiki-sky.a(list.o)
                0x0000000000007138                list_item_next
 .text.random_init
                0x0000000000007144        0x6 contiki-sky.a(random.o)
                0x0000000000007144                random_init
 .text.random_rand
                0x000000000000714a        0x6 contiki-sky.a(random.o)
                0x000000000000714a                random_rand
 .text.input    0x0000000000007150       0x3a contiki-sky.a(rime.o)
 .text.init     0x000000000000718a       0x2e contiki-sky.a(rime.o)
 .text.packet_sent
                0x00000000000071b8       0x44 contiki-sky.a(rime.o)
 .text.rime_output
                0x00000000000071fc       0x24 contiki-sky.a(rime.o)
                0x00000000000071fc                rime_output
 .text.adv_packet_sent
                0x0000000000007220        0x2 contiki-sky.a(broadcast-annou)
 .text.adv_packet_received
                0x0000000000007222       0x66 contiki-sky.a(broadcast-annou)
 .text.set_timers
                0x0000000000007288       0x4a contiki-sky.a(broadcast-annou)
 .text.send_timer
                0x00000000000072d2       0x36 contiki-sky.a(broadcast-annou)
 .text.new_announcement
                0x0000000000007308       0x18 contiki-sky.a(broadcast-annou)
 .text.send_adv
                0x0000000000007320       0x66 contiki-sky.a(broadcast-annou)
 .text.broadcast_announcement_init
                0x0000000000007386       0x48 contiki-sky.a(broadcast-annou)
                0x0000000000007386                broadcast_announcement_init
 .text.abc_open
                0x00000000000073ce       0x26 contiki-sky.a(abc.o)
                0x00000000000073ce                abc_open
 .text.abc_send
                0x00000000000073f4        0x6 contiki-sky.a(abc.o)
                0x00000000000073f4                abc_send
 .text.abc_input
                0x00000000000073fa        0xe contiki-sky.a(abc.o)
                0x00000000000073fa                abc_input
 .text.abc_sent
                0x0000000000007408       0x10 contiki-sky.a(abc.o)
                0x0000000000007408                abc_sent
 .text.announcement_init
                0x0000000000007418        0xa contiki-sky.a(announcement.o)
                0x0000000000007418                announcement_init
 .text.announcement_register_observer_callback
                0x0000000000007422        0x6 contiki-sky.a(announcement.o)
                0x0000000000007422                announcement_register_observer_callback
 .text.announcement_list
                0x0000000000007428        0xa contiki-sky.a(announcement.o)
                0x0000000000007428                announcement_list
 .text.announcement_heard
                0x0000000000007432       0x42 contiki-sky.a(announcement.o)
                0x0000000000007432                announcement_heard
 .text.sent_by_abc
                0x0000000000007474       0x10 contiki-sky.a(broadcast.o)
 .text.recv_from_abc
                0x0000000000007484       0x2c contiki-sky.a(broadcast.o)
 .text.broadcast_open
                0x00000000000074b0       0x2a contiki-sky.a(broadcast.o)
                0x00000000000074b0                broadcast_open
 .text.broadcast_send
                0x00000000000074da       0x1a contiki-sky.a(broadcast.o)
                0x00000000000074da                broadcast_send
 .text.chameleon_init
                0x00000000000074f4        0x6 contiki-sky.a(chameleon.o)
                0x00000000000074f4                chameleon_init
 .text.chameleon_parse
                0x00000000000074fa       0x1c contiki-sky.a(chameleon.o)
                0x00000000000074fa                chameleon_parse
 .text.chameleon_create
                0x0000000000007516       0x24 contiki-sky.a(chameleon.o)
                0x0000000000007516                chameleon_create
 .text.chameleon_hdrsize
                0x000000000000753a        0x6 contiki-sky.a(chameleon.o)
                0x000000000000753a                chameleon_hdrsize
 .text.channel_init
                0x0000000000007540        0xa contiki-sky.a(channel.o)
                0x0000000000007540                channel_init
 .text.channel_open
                0x000000000000754a       0x10 contiki-sky.a(channel.o)
                0x000000000000754a                channel_open
 .text.channel_lookup
                0x000000000000755a       0x20 contiki-sky.a(channel.o)
                0x000000000000755a                channel_lookup
 .text.channel_set_attributes
                0x000000000000757a       0x24 contiki-sky.a(channel.o)
                0x000000000000757a                channel_set_attributes
 .text.send_packet
                0x000000000000759e        0x6 contiki-sky.a(nullmac.o)
 .text.packet_input
                0x00000000000075a4        0x6 contiki-sky.a(nullmac.o)
 .text.on       0x00000000000075aa        0x6 contiki-sky.a(nullmac.o)
 .text.off      0x00000000000075b0        0x6 contiki-sky.a(nullmac.o)
 .text.channel_check_interval
                0x00000000000075b6        0x4 contiki-sky.a(nullmac.o)
 .text.init     0x00000000000075ba        0x2 contiki-sky.a(nullmac.o)
 .text.on       0x00000000000075bc        0x6 contiki-sky.a(nullrdc.o)
 .text.channel_check_interval
                0x00000000000075c2        0x4 contiki-sky.a(nullrdc.o)
 .text.init     0x00000000000075c6        0x6 contiki-sky.a(nullrdc.o)
 .text.send_one_packet
                0x00000000000075cc       0x6a contiki-sky.a(nullrdc.o)
 .text.send_list
                0x0000000000007636       0x30 contiki-sky.a(nullrdc.o)
 .text.send_packet
                0x0000000000007666        0x6 contiki-sky.a(nullrdc.o)
 .text.off      0x000000000000766c       0x10 contiki-sky.a(nullrdc.o)
 .text.packet_input
                0x000000000000767c       0x2a contiki-sky.a(nullrdc.o)
 .text.queuebuf_init
                0x00000000000076a6       0x12 contiki-sky.a(queuebuf.o)
                0x00000000000076a6                queuebuf_init
 .text.queuebuf_to_packetbuf
                0x00000000000076b8       0x32 contiki-sky.a(queuebuf.o)
                0x00000000000076b8                queuebuf_to_packetbuf
 .text.packetbuf_compact
                0x00000000000076ea       0x2e contiki-sky.a(packetbuf.o)
                0x00000000000076ea                packetbuf_compact
 .text.packetbuf_hdrreduce
                0x0000000000007718       0x1a contiki-sky.a(packetbuf.o)
                0x0000000000007718                packetbuf_hdrreduce
 .text.packetbuf_set_datalen
                0x0000000000007732        0x6 contiki-sky.a(packetbuf.o)
                0x0000000000007732                packetbuf_set_datalen
 .text.packetbuf_dataptr
                0x0000000000007738        0xe contiki-sky.a(packetbuf.o)
                0x0000000000007738                packetbuf_dataptr
 .text.packetbuf_hdrptr
                0x0000000000007746        0xa contiki-sky.a(packetbuf.o)
                0x0000000000007746                packetbuf_hdrptr
 .text.packetbuf_datalen
                0x0000000000007750        0x6 contiki-sky.a(packetbuf.o)
                0x0000000000007750                packetbuf_datalen
 .text.packetbuf_hdrlen
                0x0000000000007756       0x10 contiki-sky.a(packetbuf.o)
                0x0000000000007756                packetbuf_hdrlen
 .text.packetbuf_totlen
                0x0000000000007766        0xc contiki-sky.a(packetbuf.o)
                0x0000000000007766                packetbuf_totlen
 .text.packetbuf_hdralloc
                0x0000000000007772       0x2e contiki-sky.a(packetbuf.o)
                0x0000000000007772                packetbuf_hdralloc
 .text.packetbuf_attr_clear
                0x00000000000077a0       0x2c contiki-sky.a(packetbuf.o)
                0x00000000000077a0                packetbuf_attr_clear
 .text.packetbuf_clear
                0x00000000000077cc       0x1a contiki-sky.a(packetbuf.o)
                0x00000000000077cc                packetbuf_clear
 .text.packetbuf_copyfrom
                0x00000000000077e6       0x2e contiki-sky.a(packetbuf.o)
                0x00000000000077e6                packetbuf_copyfrom
 .text.packetbuf_attr_copyfrom
                0x0000000000007814       0x22 contiki-sky.a(packetbuf.o)
                0x0000000000007814                packetbuf_attr_copyfrom
 .text.packetbuf_set_attr
                0x0000000000007836        0xc contiki-sky.a(packetbuf.o)
                0x0000000000007836                packetbuf_set_attr
 .text.packetbuf_attr
                0x0000000000007842        0xa contiki-sky.a(packetbuf.o)
                0x0000000000007842                packetbuf_attr
 .text.packetbuf_set_addr
                0x000000000000784c       0x14 contiki-sky.a(packetbuf.o)
                0x000000000000784c                packetbuf_set_addr
 .text.packetbuf_addr
                0x0000000000007860        0xe contiki-sky.a(packetbuf.o)
                0x0000000000007860                packetbuf_addr
 .text.packetbuf_holds_broadcast
                0x000000000000786e        0xe contiki-sky.a(packetbuf.o)
                0x000000000000786e                packetbuf_holds_broadcast
 .text.linkaddr_copy
                0x000000000000787c        0xc contiki-sky.a(linkaddr.o)
                0x000000000000787c                linkaddr_copy
 .text.linkaddr_cmp
                0x0000000000007888       0x12 contiki-sky.a(linkaddr.o)
                0x0000000000007888                linkaddr_cmp
 .text.linkaddr_set_node_addr
                0x000000000000789a        0xc contiki-sky.a(linkaddr.o)
                0x000000000000789a                linkaddr_set_node_addr
 .text.bootstrap
                0x00000000000078a6        0x4 contiki-sky.a(nullsec.o)
 .text.on_frame_created
                0x00000000000078aa        0x4 contiki-sky.a(nullsec.o)
 .text.input    0x00000000000078ae        0x6 contiki-sky.a(nullsec.o)
 .text.get_overhead
                0x00000000000078b4        0x4 contiki-sky.a(nullsec.o)
 .text.send     0x00000000000078b8       0x20 contiki-sky.a(nullsec.o)
 .text.radio_flush_tx
                0x00000000000078d8       0x1a contiki-sky.a(tailored-glossy)
 .text.radio_write_tx
                0x00000000000078f2       0x4a contiki-sky.a(tailored-glossy)
 .text.radio_off
                0x000000000000793c       0x7e contiki-sky.a(tailored-glossy)
 .text.radio_start_tx
                0x00000000000079ba       0x5a contiki-sky.a(tailored-glossy)
 .text.radio_on
                0x0000000000007a14       0x46 contiki-sky.a(tailored-glossy)
 .text.process_thread_tailored_glossy_process
                0x0000000000007a5a       0xe0 contiki-sky.a(tailored-glossy)
 .text.radio_flush_rx
                0x0000000000007b3a       0x62 contiki-sky.a(tailored-glossy)
 .text.radio_abort_rx
                0x0000000000007b9c        0xc contiki-sky.a(tailored-glossy)
 .text.tailored_glossy_start
                0x0000000000007ba8      0x1e8 contiki-sky.a(tailored-glossy)
                0x0000000000007ba8                tailored_glossy_start
 .text.tailored_glossy_stop
                0x0000000000007d90       0xa2 contiki-sky.a(tailored-glossy)
                0x0000000000007d90                tailored_glossy_stop
 .text.get_rx_cnt
                0x0000000000007e32        0x6 contiki-sky.a(tailored-glossy)
                0x0000000000007e32                get_rx_cnt
 .text.is_t_ref_l_updated
                0x0000000000007e38        0x6 contiki-sky.a(tailored-glossy)
                0x0000000000007e38                is_t_ref_l_updated
 .text.get_t_ref_l
                0x0000000000007e3e        0x6 contiki-sky.a(tailored-glossy)
                0x0000000000007e3e                get_t_ref_l
 .text.set_t_ref_l
                0x0000000000007e44        0x6 contiki-sky.a(tailored-glossy)
                0x0000000000007e44                set_t_ref_l
 .text.set_t_ref_l_updated
                0x0000000000007e4a        0x6 contiki-sky.a(tailored-glossy)
                0x0000000000007e4a                set_t_ref_l_updated
 .text.get_my_hop
                0x0000000000007e50        0x6 contiki-sky.a(tailored-glossy)
                0x0000000000007e50                get_my_hop
 .text.glossy_begin_tx
                0x0000000000007e56       0xde contiki-sky.a(tailored-glossy)
                0x0000000000007e56                glossy_begin_tx
 .text.glossy_end_tx
                0x0000000000007f34       0x8e contiki-sky.a(tailored-glossy)
                0x0000000000007f34                glossy_end_tx
 .text.glossy_schedule_rx_timeout
                0x0000000000007fc2        0xe contiki-sky.a(tailored-glossy)
                0x0000000000007fc2                glossy_schedule_rx_timeout
 .text.glossy_begin_rx
                0x0000000000007fd0      0x1ce contiki-sky.a(tailored-glossy)
                0x0000000000007fd0                glossy_begin_rx
 .text.minimum  0x000000000000819e       0x26 contiki-sky.a(tailored-glossy)
                0x000000000000819e                minimum
 .text.glossy_end_rx
                0x00000000000081c4      0x1c6 contiki-sky.a(tailored-glossy)
                0x00000000000081c4                glossy_end_rx
 .text.spi_init
                0x000000000000838a       0x32 contiki-sky.a(spi.o)
                0x000000000000838a                spi_init
 .text.init     0x00000000000083bc        0x4 contiki-sky.a(nullradio.o)
 .text.prepare  0x00000000000083c0        0x4 contiki-sky.a(nullradio.o)
 .text.transmit
                0x00000000000083c4        0x4 contiki-sky.a(nullradio.o)
 .text.send     0x00000000000083c8        0x4 contiki-sky.a(nullradio.o)
 .text.radio_read
                0x00000000000083cc        0x4 contiki-sky.a(nullradio.o)
 .text.channel_clear
                0x00000000000083d0        0x4 contiki-sky.a(nullradio.o)
 .text.receiving_packet
                0x00000000000083d4        0x4 contiki-sky.a(nullradio.o)
 .text.pending_packet
                0x00000000000083d8        0x4 contiki-sky.a(nullradio.o)
 .text.on       0x00000000000083dc        0x4 contiki-sky.a(nullradio.o)
 .text.off      0x00000000000083e0        0x4 contiki-sky.a(nullradio.o)
 .text.get_value
                0x00000000000083e4        0x4 contiki-sky.a(nullradio.o)
 .text.set_value
                0x00000000000083e8        0x4 contiki-sky.a(nullradio.o)
 .text.get_object
                0x00000000000083ec        0x4 contiki-sky.a(nullradio.o)
 .text.set_object
                0x00000000000083f0        0x4 contiki-sky.a(nullradio.o)
 .text.memb_init
                0x00000000000083f4       0x36 contiki-sky.a(memb.o)
                0x00000000000083f4                memb_init
 .text.memb_inmemb
                0x000000000000842a       0x2e contiki-sky.a(memb.o)
                0x000000000000842a                memb_inmemb
 .text.header_size
                0x0000000000008458       0x16 contiki-sky.a(chameleon-bitop)
 .text.get_bits_in_byte
                0x000000000000846e       0x3a contiki-sky.a(chameleon-bitop)
                0x000000000000846e                get_bits_in_byte
 .text.get_bits
                0x00000000000084a8       0xa4 contiki-sky.a(chameleon-bitop)
                0x00000000000084a8                get_bits
 .text.unpack_header
                0x000000000000854c       0xca contiki-sky.a(chameleon-bitop)
 .text.set_bits_in_byte
                0x0000000000008616       0x2c contiki-sky.a(chameleon-bitop)
                0x0000000000008616                set_bits_in_byte
 .text.set_bits
                0x0000000000008642       0xd2 contiki-sky.a(chameleon-bitop)
                0x0000000000008642                set_bits
 .text.pack_header
                0x0000000000008714       0xbc contiki-sky.a(chameleon-bitop)
 .text.mac_call_sent_callback
                0x00000000000087d0       0x14 contiki-sky.a(mac.o)
                0x00000000000087d0                mac_call_sent_callback
 .text.hdr_length
                0x00000000000087e4        0x4 contiki-sky.a(framer-nullmac.)
 .text.parse    0x00000000000087e8       0x32 contiki-sky.a(framer-nullmac.)
 .text.create   0x000000000000881a       0x36 contiki-sky.a(framer-nullmac.)
 .text.framer_canonical_create_and_secure
                0x0000000000008850       0x20 contiki-sky.a(framer.o)
                0x0000000000008850                framer_canonical_create_and_secure
 .text.libgcc   0x0000000000008870       0x2c /usr/lib/gcc/msp430/4.6.3/mmpy-16/libgcc.a(_mulsi3.o)
                0x0000000000008870                __mulsi3
 .text.libgcc   0x000000000000889c       0x22 /usr/lib/gcc/msp430/4.6.3/mmpy-16/libgcc.a(_udivmod16.o)
                0x000000000000889c                __udivhi3
                0x000000000000889c                __ext_udivmod16
                0x00000000000088b6                __umodhi3
 .text.libgcc   0x00000000000088be       0x40 /usr/lib/gcc/msp430/4.6.3/mmpy-16/libgcc.a(_udivmod32.o)
                0x00000000000088be                __udivsi3
                0x00000000000088be                __ext_udivmod32
                0x00000000000088f4                __umodsi3
 .text.libgcc   0x00000000000088fe       0x4c /usr/lib/gcc/msp430/4.6.3/mmpy-16/libgcc.a(_divmod32.o)
                0x00000000000088fe                __ext_divmod32
                0x00000000000088fe                __divsi3
                0x0000000000008940                __modsi3
 .text          0x000000000000894a       0x42 /usr/lib/gcc/msp430/4.6.3/mmpy-16/libgcc.a(_fixunssfsi.o)
                0x000000000000894a                __fixunssfsi
 .text          0x000000000000898c      0x32e /usr/lib/gcc/msp430/4.6.3/mmpy-16/libgcc.a(_addsub_sf.o)
                0x0000000000008c1e                __addsf3
                0x0000000000008c6a                __subsf3
 .text          0x0000000000008cba      0x224 /usr/lib/gcc/msp430/4.6.3/mmpy-16/libgcc.a(_mul_sf.o)
                0x0000000000008cba                __mulsf3
 .text          0x0000000000008ede       0x50 /usr/lib/gcc/msp430/4.6.3/mmpy-16/libgcc.a(_ge_sf.o)
                0x0000000000008ede                __gesf2
 .text          0x0000000000008f2e       0x90 /usr/lib/gcc/msp430/4.6.3/mmpy-16/libgcc.a(_sf_to_si.o)
                0x0000000000008f2e                __fixsfsi
 .text          0x0000000000008fbe       0xe2 /usr/lib/gcc/msp430/4.6.3/mmpy-16/libgcc.a(_usi_to_sf.o)
                0x0000000000008fbe                __floatunsisf
 .text          0x00000000000090a0       0x72 /usr/lib/gcc/msp430/4.6.3/mmpy-16/libgcc.a(_clzsi2.o)
                0x00000000000090a0                __clzsi2
 .text          0x0000000000009112      0x1de /usr/lib/gcc/msp430/4.6.3/mmpy-16/libgcc.a(_pack_sf.o)
                0x0000000000009112                __pack_f
 .text          0x00000000000092f0      0x124 /usr/lib/gcc/msp430/4.6.3/mmpy-16/libgcc.a(_unpack_sf.o)
                0x00000000000092f0                __unpack_f
 .text          0x0000000000009414       0xa4 /usr/lib/gcc/msp430/4.6.3/mmpy-16/libgcc.a(_fpcmp_parts_sf.o)
                0x0000000000009414                __fpcmp_parts_f
 .text          0x00000000000094b8       0x20 /usr/lib/gcc/msp430/4.6.3/../../../../msp430/lib/mmpy-16/libc.a(memcmp.o)
                0x00000000000094b8                memcmp
 .text          0x00000000000094d8       0xfa /usr/lib/gcc/msp430/4.6.3/../../../../msp430/lib/mmpy-16/libc.a(memcpy.o)
                0x00000000000094d8                memcpy
 .text          0x00000000000095d2       0x6a /usr/lib/gcc/msp430/4.6.3/../../../../msp430/lib/mmpy-16/libc.a(memset.o)
                0x00000000000095d2                memset
 .text          0x000000000000963c      0x114 /usr/lib/gcc/msp430/4.6.3/../../../../msp430/lib/mmpy-16/libc.a(malloc.o)
                0x000000000000963c                malloc
                0x0000000000009748                free
 .text          0x0000000000009750       0x1e /usr/lib/gcc/msp430/4.6.3/../../../../msp430/lib/mmpy-16/libc.a(printf.o)
                0x0000000000009750                printf
                0x0000000000009760                vprintf
 .text          0x000000000000976e      0x836 /usr/lib/gcc/msp430/4.6.3/../../../../msp430/lib/mmpy-16/libc.a(vuprintf.o)
                0x0000000000009906                vuprintf
 .text          0x0000000000009fa4       0x2c /usr/lib/gcc/msp430/4.6.3/../../../../msp430/lib/mmpy-16/libc.a(puts.o)
                0x0000000000009fa4                puts
 .text          0x0000000000009fd0       0x54 /usr/lib/gcc/msp430/4.6.3/../../../../msp430/lib/mmpy-16/libc.a(rand.o)
                0x0000000000009fd0                rand_r
                0x0000000000009ff4                rand
                0x000000000000a01a                srand
 .text.libgcc   0x000000000000a024       0xf0 /usr/lib/gcc/msp430/4.6.3/mmpy-16/libgcc.a(_udivmod64.o)
                0x000000000000a024                __xabi_udivmod64
                0x000000000000a082                __udivdi3
                0x000000000000a0a8                __umoddi3
                0x000000000000a0d6                __udivmoddi4
 .text.crt0     0x000000000000a114        0x2 /usr/lib/gcc/msp430/4.6.3/mmpy-16/libcrt0.a(_unexpected_.o)
                0x000000000000a114                _unexpected_
                0x000000000000a116                . = ALIGN (0x2)

.rodata         0x000000000000a116      0x41c
                0x000000000000a116                . = ALIGN (0x2)
 *(.rodata .rodata.* .gnu.linkonce.r.*)
 .rodata        0x000000000000a116        0xe lwb-test.co
                0x000000000000a116                autostart_processes
 .rodata        0x000000000000a124       0xd7 obj_sky/contiki-sky-main.o
 .rodata        0x000000000000a1fb       0x3a contiki-sky.a(tailored-lwb.o)
 .rodata        0x000000000000a235       0xa3 contiki-sky.a(energy-stats.o)
 .rodata        0x000000000000a2d8       0x10 contiki-sky.a(button-sensor.o)
                0x000000000000a2e0                button_sensor
 .rodata        0x000000000000a2e8        0x8 contiki-sky.a(sensors.o)
 .rodata        0x000000000000a2f0       0x5a contiki-sky.a(cc2420.o)
                0x000000000000a30c                cc2420_aes_128_driver
                0x000000000000a310                cc2420_driver
 .rodata        0x000000000000a34a        0xf contiki-sky.a(ctimer.o)
 .rodata        0x000000000000a359        0xc contiki-sky.a(etimer.o)
 .rodata        0x000000000000a365        0xe contiki-sky.a(serial-line.o)
 *fill*         0x000000000000a373        0x1 00
 .rodata        0x000000000000a374        0xc contiki-sky.a(rime.o)
                0x000000000000a37a                rime_driver
 .rodata        0x000000000000a380        0x4 contiki-sky.a(broadcast-annou)
 .rodata        0x000000000000a384        0x2 contiki-sky.a(abc.o)
 .rodata        0x000000000000a386        0x8 contiki-sky.a(broadcast.o)
 .rodata        0x000000000000a38e       0x16 contiki-sky.a(nullmac.o)
                0x000000000000a396                nullmac_driver
 .rodata        0x000000000000a3a4       0x18 contiki-sky.a(nullrdc.o)
                0x000000000000a3ac                nullrdc_driver
 .rodata        0x000000000000a3bc        0x2 contiki-sky.a(linkaddr.o)
                0x000000000000a3bc                linkaddr_null
 .rodata        0x000000000000a3be       0x14 contiki-sky.a(nullsec.o)
                0x000000000000a3c6                nullsec_driver
 .rodata        0x000000000000a3d2       0x1c contiki-sky.a(tailored-glossy)
 .rodata        0x000000000000a3ee       0x1c contiki-sky.a(nullradio.o)
                0x000000000000a3ee                nullradio_driver
 .rodata        0x000000000000a40a       0x10 contiki-sky.a(chameleon-bitop)
                0x000000000000a40a                chameleon_bitopt
 .rodata        0x000000000000a41a        0x8 contiki-sky.a(framer-nullmac.)
                0x000000000000a41a                framer_nullmac
 .rodata        0x000000000000a422        0x8 /usr/lib/gcc/msp430/4.6.3/mmpy-16/libgcc.a(_thenan_sf.o)
                0x000000000000a422                __thenan_sf
 .rodata        0x000000000000a42a      0x100 /usr/lib/gcc/msp430/4.6.3/mmpy-16/libgcc.a(_clz.o)
                0x000000000000a42a                __clz_tab
 .rodata        0x000000000000a52a        0x7 /usr/lib/gcc/msp430/4.6.3/../../../../msp430/lib/mmpy-16/libc.a(vuprintf.o)
                0x000000000000a532                . = ALIGN (0x2)
 *fill*         0x000000000000a531        0x1 00
                0x000000000000a532                _etext = .

.data           0x0000000000001100       0x76 load address 0x000000000000a532
                0x0000000000001100                . = ALIGN (0x2)
                0x0000000000001100                PROVIDE (__data_start, .)
 *(.data .data.* .gnu.linkonce.d.*)
 .data          0x0000000000001100        0xa lwb-test.co
                0x0000000000001100                lwb_test
 .data          0x000000000000110a       0x16 contiki-sky.a(tailored-lwb.o)
                0x000000000000110a                tailored_lwb_process
                0x0000000000001114                tailored_lwb_print_process
 .data          0x0000000000001120        0x4 contiki-sky.a(contiki-sky-pla)
                0x0000000000001120                sensors
 .data          0x0000000000001124        0xa contiki-sky.a(sensors.o)
                0x0000000000001124                sensors_process
 .data          0x000000000000112e        0xa contiki-sky.a(cc2420.o)
                0x000000000000112e                cc2420_process
 .data          0x0000000000001138        0x2 contiki-sky.a(msp430.o)
 .data          0x000000000000113a        0xa contiki-sky.a(ctimer.o)
                0x000000000000113a                ctimer_process
 .data          0x0000000000001144        0xa contiki-sky.a(etimer.o)
                0x0000000000001144                etimer_process
 .data          0x000000000000114e        0xa contiki-sky.a(serial-line.o)
                0x000000000000114e                serial_line_process
 .data          0x0000000000001158       0x10 contiki-sky.a(queuebuf.o)
 .data          0x0000000000001168        0xa contiki-sky.a(tailored-glossy)
                0x0000000000001168                tailored_glossy_process
 .data          0x0000000000001172        0x4 /usr/lib/gcc/msp430/4.6.3/../../../../msp430/lib/mmpy-16/libc.a(rand.o)
                0x0000000000001176                . = ALIGN (0x2)
                0x0000000000001176                _edata = .
                0x000000000000a532                PROVIDE (__data_load_start, LOADADDR (.data))
                0x0000000000000076                PROVIDE (__data_size, SIZEOF (.data))

.bss            0x0000000000001176      0xe02 load address 0x000000000000a5a8
                0x0000000000001176                PROVIDE (__bss_start, .)
 *(.bss .bss.*)
 .bss           0x0000000000001176        0xc obj_sky/contiki-sky-main.o
 .bss           0x0000000000001182       0x7e contiki-sky.a(tailored-lwb.o)
 .bss           0x0000000000001200      0x130 contiki-sky.a(slot-allocation)
 .bss           0x0000000000001330       0x28 contiki-sky.a(slot-participat)
 .bss           0x0000000000001358       0x12 contiki-sky.a(energy-stats.o)
 .bss           0x000000000000136a        0x8 contiki-sky.a(button-sensor.o)
 .bss           0x0000000000001372        0x2 contiki-sky.a(node-id.o)
                0x0000000000001372                node_id
 .bss           0x0000000000001374        0x6 contiki-sky.a(sensors.o)
 .bss           0x000000000000137a        0x8 contiki-sky.a(cc2420.o)
 .bss           0x0000000000001382       0x9a contiki-sky.a(uart1.o)
 .bss           0x000000000000141c        0xa contiki-sky.a(clock.o)
 .bss           0x0000000000001426        0x1 contiki-sky.a(leds.o)
 *fill*         0x0000000000001427        0x1 00
 .bss           0x0000000000001428        0x2 contiki-sky.a(watchdog.o)
 .bss           0x000000000000142a        0x4 contiki-sky.a(ctimer.o)
 .bss           0x000000000000142e        0x6 contiki-sky.a(etimer.o)
 .bss           0x0000000000001434       0x42 contiki-sky.a(process.o)
                0x0000000000001434                process_current
                0x0000000000001436                process_list
 .bss           0x0000000000001476        0x2 contiki-sky.a(rtimer.o)
 .bss           0x0000000000001478      0x10a contiki-sky.a(serial-line.o)
 .bss           0x0000000000001582        0x2 contiki-sky.a(rime.o)
 .bss           0x0000000000001584       0x46 contiki-sky.a(broadcast-annou)
 .bss           0x00000000000015ca        0x6 contiki-sky.a(announcement.o)
 .bss           0x00000000000015d0        0x2 contiki-sky.a(channel.o)
 .bss           0x00000000000015d2      0x610 contiki-sky.a(queuebuf.o)
 .bss           0x0000000000001be2       0xb8 contiki-sky.a(packetbuf.o)
 .bss           0x0000000000001c9a      0x226 contiki-sky.a(tailored-glossy)
 .bss           0x0000000000001ec0        0x1 /usr/lib/gcc/msp430/4.6.3/../../../../msp430/lib/mmpy-16/libc.a(malloc.o)
 *(COMMON)
 *fill*         0x0000000000001ec1        0x1 00
 COMMON         0x0000000000001ec2        0x2 contiki-sky.a(contiki-sky-pla)
                0x0000000000001ec2                sensors_flags
 COMMON         0x0000000000001ec4        0x8 contiki-sky.a(ds2411.o)
                0x0000000000001ec4                ds2411_id
 COMMON         0x0000000000001ecc        0x1 contiki-sky.a(sensors.o)
                0x0000000000001ecc                sensors_event
 *fill*         0x0000000000001ecd        0x1 00
 COMMON         0x0000000000001ece       0x10 contiki-sky.a(cc2420.o)
                0x0000000000001ece                cc2420_last_rssi
                0x0000000000001ed0                cc2420_sfd_start_time
                0x0000000000001ed2                cc2420_time_of_departure
                0x0000000000001ed4                cc2420_time_of_arrival
                0x0000000000001ed6                cc2420_last_correlation
                0x0000000000001ed8                cc2420_authority_level_of_sender
                0x0000000000001eda                cc2420_sfd_counter
                0x0000000000001edc                cc2420_sfd_end_time
 COMMON         0x0000000000001ede        0x2 contiki-sky.a(msp430.o)
                0x0000000000001ede                msp430_dco_required
 COMMON         0x0000000000001ee0       0x56 contiki-sky.a(energest.o)
                0x0000000000001ee0                energest_total_time
                0x0000000000001f10                energest_total_count
                0x0000000000001f12                energest_current_mode
                0x0000000000001f1e                energest_current_time
 COMMON         0x0000000000001f36        0x1 contiki-sky.a(process.o)
                0x0000000000001f36                process_maxevents
 COMMON         0x0000000000001f37        0x1 contiki-sky.a(serial-line.o)
                0x0000000000001f37                serial_line_event_message
 COMMON         0x0000000000001f38       0x3c contiki-sky.a(packetbuf.o)
                0x0000000000001f38                packetbuf_addrs
                0x0000000000001f40                packetbuf_attrs
 COMMON         0x0000000000001f74        0x2 contiki-sky.a(linkaddr.o)
                0x0000000000001f74                linkaddr_node_addr
 COMMON         0x0000000000001f76        0x1 contiki-sky.a(tailored-glossy)
                0x0000000000001f76                rssi
                0x0000000000001f78                . = ALIGN (0x2)
 *fill*         0x0000000000001f77        0x1 00
                0x0000000000001f78                PROVIDE (__bss_end, .)
                0x0000000000000e02                PROVIDE (__bss_size, SIZEOF (.bss))

.noinit         0x0000000000001f78        0x2 load address 0x000000000000a5a8
                0x0000000000001f78                PROVIDE (__noinit_start, .)
 *(.noinit .noinit.*)
 .noinit.crt0   0x0000000000001f78        0x2 /usr/lib/gcc/msp430/4.6.3/mmpy-16/libcrt0.a(__watchdog_support.o)
                0x0000000000001f78                __wdt_clear_value
                0x0000000000001f7a                . = ALIGN (0x2)
                0x0000000000001f7a                PROVIDE (__noinit_end, .)
                0x0000000000001f7a                . = ALIGN (0x2)
                0x0000000000001f7a                _end = .

.infomem        0x0000000000001000        0x0
 *(.infomem)
                0x0000000000001000                . = ALIGN (0x2)
 *(.infomem.*)

.infomemnobits  0x0000000000001000        0x0
 *(.infomemnobits)
                0x0000000000001000                . = ALIGN (0x2)
 *(.infomemnobits.*)

.infoa
 *(.infoa .infoa.*)

.infob
 *(.infob .infob.*)

.infoc
 *(.infoc .infoc.*)

.infod
 *(.infod .infod.*)

.vectors        0x000000000000ffe0       0x20
                0x000000000000ffe0                PROVIDE (__vectors_start, .)
 *(.vectors*)
 .vectors       0x000000000000ffe0       0x20 /usr/lib/gcc/msp430/4.6.3/mmpy-16/crt0ivtbl16.o
                0x000000000000ffe0                __ivtbl_16
                0x0000000000010000                _vectors_end = .

.fartext        0x0000000000000000        0x0
                0x0000000000000000                . = ALIGN (0x2)
 *(.fartext)
                0x0000000000000000                . = ALIGN (0x2)
 *(.fartext.*)
                0x0000000000000000                _efartext = .

.profiler
 *(.profiler)

.stab           0x0000000000000000    0x1a7a8
 *(.stab)
 .stab          0x0000000000000000      0x918 lwb-test.co
 .stab          0x0000000000000918     0x1224 obj_sky/contiki-sky-main.o
                                       0x17ac (size before relaxing)
 .stab          0x0000000000001b3c     0x1308 contiki-sky.a(tailored-lwb.o)
                                       0x1944 (size before relaxing)
 .stab          0x0000000000002e44      0x468 contiki-sky.a(slot-allocation)
                                        0xab0 (size before relaxing)
 .stab          0x00000000000032ac      0x45c contiki-sky.a(slot-participat)
                                        0xa98 (size before relaxing)
 .stab          0x0000000000003708      0x60c contiki-sky.a(energy-stats.o)
                                        0xa80 (size before relaxing)
 .stab          0x0000000000003d14      0x264 contiki-sky.a(contiki-sky-pla)
                                        0x5b8 (size before relaxing)
 .stab          0x0000000000003f78      0x468 contiki-sky.a(button-sensor.o)
                                        0x7d4 (size before relaxing)
 .stab          0x00000000000043e0      0x630 contiki-sky.a(ds2411.o)
                                        0xb40 (size before relaxing)
 .stab          0x0000000000004a10      0xa38 contiki-sky.a(xmem.o)
                                        0xf60 (size before relaxing)
 .stab          0x0000000000005448      0x2b8 contiki-sky.a(node-id.o)
                                        0x4e0 (size before relaxing)
 .stab          0x0000000000005700      0x654 contiki-sky.a(sensors.o)
                                        0xb70 (size before relaxing)
 .stab          0x0000000000005d54     0x25c8 contiki-sky.a(cc2420.o)
                                       0x2c94 (size before relaxing)
 .stab          0x000000000000831c      0xabc contiki-sky.a(cc2420-arch.o)
                                       0x1404 (size before relaxing)
 .stab          0x0000000000008dd8      0x60c contiki-sky.a(uart1.o)
                                        0x960 (size before relaxing)
 .stab          0x00000000000093e4      0x27c contiki-sky.a(uart1-putchar.o)
                                        0x7bc (size before relaxing)
 .stab          0x0000000000009660      0x744 contiki-sky.a(msp430.o)
                                        0xa98 (size before relaxing)
 .stab          0x0000000000009da4      0x948 contiki-sky.a(clock.o)
                                        0xc9c (size before relaxing)
 .stab          0x000000000000a6ec      0x5dc contiki-sky.a(leds.o)
                                        0x828 (size before relaxing)
 .stab          0x000000000000acc8      0x3a8 contiki-sky.a(leds-arch.o)
                                        0x6fc (size before relaxing)
 .stab          0x000000000000b070      0x3fc contiki-sky.a(watchdog.o)
                                        0x750 (size before relaxing)
 .stab          0x000000000000b46c      0x3cc contiki-sky.a(rtimer-arch.o)
                                        0x720 (size before relaxing)
 .stab          0x000000000000b838      0x294 contiki-sky.a(autostart.o)
                                        0x534 (size before relaxing)
 .stab          0x000000000000bacc      0x7a4 contiki-sky.a(ctimer.o)
                                        0xb10 (size before relaxing)
 .stab          0x000000000000c270      0x474 contiki-sky.a(energest.o)
                                        0x6fc (size before relaxing)
 .stab          0x000000000000c6e4      0xa38 contiki-sky.a(etimer.o)
                                        0xd08 (size before relaxing)
 .stab          0x000000000000d11c      0xb7c contiki-sky.a(process.o)
                                       0x1014 (size before relaxing)
 .stab          0x000000000000dc98      0x3d8 contiki-sky.a(rtimer.o)
                                        0x6c0 (size before relaxing)
 .stab          0x000000000000e070      0x354 contiki-sky.a(timer.o)
                                        0x594 (size before relaxing)
 .stab          0x000000000000e3c4      0x534 contiki-sky.a(serial-line.o)
                                        0xa50 (size before relaxing)
 .stab          0x000000000000e8f8      0x3fc contiki-sky.a(ringbuf.o)
                                        0x63c (size before relaxing)
 .stab          0x000000000000ecf4      0x7f8 contiki-sky.a(list.o)
                                        0x804 (size before relaxing)
 .stab          0x000000000000f4ec      0x228 contiki-sky.a(random.o)
                                        0x624 (size before relaxing)
 .stab          0x000000000000f714      0xcd8 contiki-sky.a(rime.o)
                                       0x141c (size before relaxing)
 .stab          0x00000000000103ec      0x96c contiki-sky.a(broadcast-annou)
                                       0x15c0 (size before relaxing)
 .stab          0x0000000000010d58      0x66c contiki-sky.a(abc.o)
                                       0x14a0 (size before relaxing)
 .stab          0x00000000000113c4      0x6e4 contiki-sky.a(announcement.o)
                                        0x984 (size before relaxing)
 .stab          0x0000000000011aa8      0x6c0 contiki-sky.a(broadcast.o)
                                       0x14f4 (size before relaxing)
 .stab          0x0000000000012168      0x7e0 contiki-sky.a(chameleon.o)
                                       0x1230 (size before relaxing)
 .stab          0x0000000000012948      0x624 contiki-sky.a(channel.o)
                                       0x129c (size before relaxing)
 .stab          0x0000000000012f6c      0x8a0 contiki-sky.a(nullmac.o)
                                        0xdd4 (size before relaxing)
 .stab          0x000000000001380c      0x6f0 contiki-sky.a(nullrdc.o)
                                       0x1044 (size before relaxing)
 .stab          0x0000000000013efc      0xa5c contiki-sky.a(queuebuf.o)
                                       0x1890 (size before relaxing)
 .stab          0x0000000000014958      0xf3c contiki-sky.a(packetbuf.o)
                                       0x1d88 (size before relaxing)
 .stab          0x0000000000015894      0x2c4 contiki-sky.a(linkaddr.o)
                                        0x6c0 (size before relaxing)
 .stab          0x0000000000015b58      0x654 contiki-sky.a(nullsec.o)
                                        0xd8c (size before relaxing)
 .stab          0x00000000000161ac     0x210c contiki-sky.a(tailored-glossy)
                                       0x273c (size before relaxing)
 .stab          0x00000000000182b8      0x204 contiki-sky.a(spi.o)
                                        0x42c (size before relaxing)
 .stab          0x00000000000184bc      0x5dc contiki-sky.a(nullradio.o)
                                        0x684 (size before relaxing)
 .stab          0x0000000000018a98      0x5c4 contiki-sky.a(memb.o)
                                        0xaf8 (size before relaxing)
 .stab          0x000000000001905c      0xd2c contiki-sky.a(chameleon-bitop)
                                       0x19a4 (size before relaxing)
 .stab          0x0000000000019d88      0x1f8 contiki-sky.a(mac.o)
                                        0x4ec (size before relaxing)
 .stab          0x0000000000019f80      0x42c contiki-sky.a(framer-nullmac.)
                                        0xc54 (size before relaxing)
 .stab          0x000000000001a3ac      0x3fc contiki-sky.a(framer.o)
                                        0xc54 (size before relaxing)

.stabstr        0x0000000000000000    0x16c54
 *(.stabstr)
 .stabstr       0x0000000000000000    0x16c54 lwb-test.co

.stab.excl
 *(.stab.excl)

.stab.exclstr
 *(.stab.exclstr)

.stab.index
 *(.stab.index)

.stab.indexstr
 *(.stab.indexstr)

.comment
 *(.comment)

.debug
 *(.debug)

.line
 *(.line)

.debug_srcinfo
 *(.debug_srcinfo)

.debug_sfnames
 *(.debug_sfnames)

.debug_aranges  0x0000000000000000      0x258
 *(.debug_aranges)
 .debug_aranges
                0x0000000000000000       0x14 /usr/lib/gcc/msp430/4.6.3/mmpy-16/libgcc.a(_mulsi3.o)
 .debug_aranges
                0x0000000000000014       0x14 /usr/lib/gcc/msp430/4.6.3/mmpy-16/libgcc.a(_udivmod16.o)
 .debug_aranges
                0x0000000000000028       0x14 /usr/lib/gcc/msp430/4.6.3/mmpy-16/libgcc.a(_udivmod32.o)
 .debug_aranges
                0x000000000000003c       0x14 /usr/lib/gcc/msp430/4.6.3/mmpy-16/libgcc.a(_divmod32.o)
 .debug_aranges
                0x0000000000000050       0x14 /usr/lib/gcc/msp430/4.6.3/mmpy-16/libgcc.a(_fixunssfsi.o)
 .debug_aranges
                0x0000000000000064       0x14 /usr/lib/gcc/msp430/4.6.3/mmpy-16/libgcc.a(_addsub_sf.o)
 .debug_aranges
                0x0000000000000078       0x14 /usr/lib/gcc/msp430/4.6.3/mmpy-16/libgcc.a(_mul_sf.o)
 .debug_aranges
                0x000000000000008c       0x14 /usr/lib/gcc/msp430/4.6.3/mmpy-16/libgcc.a(_ge_sf.o)
 .debug_aranges
                0x00000000000000a0       0x14 /usr/lib/gcc/msp430/4.6.3/mmpy-16/libgcc.a(_sf_to_si.o)
 .debug_aranges
                0x00000000000000b4       0x14 /usr/lib/gcc/msp430/4.6.3/mmpy-16/libgcc.a(_usi_to_sf.o)
 .debug_aranges
                0x00000000000000c8       0x14 /usr/lib/gcc/msp430/4.6.3/mmpy-16/libgcc.a(_clzsi2.o)
 .debug_aranges
                0x00000000000000dc       0x14 /usr/lib/gcc/msp430/4.6.3/mmpy-16/libgcc.a(_pack_sf.o)
 .debug_aranges
                0x00000000000000f0       0x14 /usr/lib/gcc/msp430/4.6.3/mmpy-16/libgcc.a(_unpack_sf.o)
 .debug_aranges
                0x0000000000000104       0x14 /usr/lib/gcc/msp430/4.6.3/mmpy-16/libgcc.a(_fpcmp_parts_sf.o)
 .debug_aranges
                0x0000000000000118       0x14 /usr/lib/gcc/msp430/4.6.3/../../../../msp430/lib/mmpy-16/libc.a(strncmp.o)
 .debug_aranges
                0x000000000000012c       0x14 /usr/lib/gcc/msp430/4.6.3/../../../../msp430/lib/mmpy-16/libc.a(memcmp.o)
 .debug_aranges
                0x0000000000000140       0x14 /usr/lib/gcc/msp430/4.6.3/../../../../msp430/lib/mmpy-16/libc.a(memcpy.o)
 .debug_aranges
                0x0000000000000154       0x14 /usr/lib/gcc/msp430/4.6.3/../../../../msp430/lib/mmpy-16/libc.a(memset.o)
 .debug_aranges
                0x0000000000000168       0x14 /usr/lib/gcc/msp430/4.6.3/../../../../msp430/lib/mmpy-16/libc.a(malloc.o)
 .debug_aranges
                0x000000000000017c       0x14 /usr/lib/gcc/msp430/4.6.3/../../../../msp430/lib/mmpy-16/libc.a(printf.o)
 .debug_aranges
                0x0000000000000190       0x14 /usr/lib/gcc/msp430/4.6.3/../../../../msp430/lib/mmpy-16/libc.a(vuprintf.o)
 .debug_aranges
                0x00000000000001a4       0x14 /usr/lib/gcc/msp430/4.6.3/../../../../msp430/lib/mmpy-16/libc.a(puts.o)
 .debug_aranges
                0x00000000000001b8       0x14 /usr/lib/gcc/msp430/4.6.3/../../../../msp430/lib/mmpy-16/libc.a(rand.o)
 .debug_aranges
                0x00000000000001cc       0x14 /usr/lib/gcc/msp430/4.6.3/mmpy-16/libgcc.a(_udivmod64.o)
 .debug_aranges
                0x00000000000001e0       0x14 /usr/lib/gcc/msp430/4.6.3/mmpy-16/libcrt0.a(__watchdog_support.o)
 .debug_aranges
                0x00000000000001f4       0x14 /usr/lib/gcc/msp430/4.6.3/mmpy-16/libcrt0.a(__init_stack.o)
 .debug_aranges
                0x0000000000000208       0x14 /usr/lib/gcc/msp430/4.6.3/mmpy-16/libcrt0.a(_copy_data.o)
 .debug_aranges
                0x000000000000021c       0x14 /usr/lib/gcc/msp430/4.6.3/mmpy-16/libcrt0.a(_clear_bss.o)
 .debug_aranges
                0x0000000000000230       0x14 /usr/lib/gcc/msp430/4.6.3/mmpy-16/libcrt0.a(_endless_loop__.o)
 .debug_aranges
                0x0000000000000244       0x14 /usr/lib/gcc/msp430/4.6.3/mmpy-16/libcrt0.a(_unexpected_.o)

.debug_pubnames
 *(.debug_pubnames)

.debug_info     0x0000000000000000     0x3003
 *(.debug_info)
 .debug_info    0x0000000000000000       0xec /usr/lib/gcc/msp430/4.6.3/mmpy-16/libgcc.a(_mulsi3.o)
 .debug_info    0x00000000000000ec       0xec /usr/lib/gcc/msp430/4.6.3/mmpy-16/libgcc.a(_udivmod16.o)
 .debug_info    0x00000000000001d8       0xec /usr/lib/gcc/msp430/4.6.3/mmpy-16/libgcc.a(_udivmod32.o)
 .debug_info    0x00000000000002c4       0xec /usr/lib/gcc/msp430/4.6.3/mmpy-16/libgcc.a(_divmod32.o)
 .debug_info    0x00000000000003b0       0xb5 /usr/lib/gcc/msp430/4.6.3/mmpy-16/libgcc.a(_fixunssfsi.o)
 .debug_info    0x0000000000000465      0x425 /usr/lib/gcc/msp430/4.6.3/mmpy-16/libgcc.a(_addsub_sf.o)
 .debug_info    0x000000000000088a      0x3c9 /usr/lib/gcc/msp430/4.6.3/mmpy-16/libgcc.a(_mul_sf.o)
 .debug_info    0x0000000000000c53      0x26e /usr/lib/gcc/msp430/4.6.3/mmpy-16/libgcc.a(_ge_sf.o)
 .debug_info    0x0000000000000ec1      0x289 /usr/lib/gcc/msp430/4.6.3/mmpy-16/libgcc.a(_sf_to_si.o)
 .debug_info    0x000000000000114a      0x144 /usr/lib/gcc/msp430/4.6.3/mmpy-16/libgcc.a(_thenan_sf.o)
 .debug_info    0x000000000000128e      0x204 /usr/lib/gcc/msp430/4.6.3/mmpy-16/libgcc.a(_usi_to_sf.o)
 .debug_info    0x0000000000001492      0x109 /usr/lib/gcc/msp430/4.6.3/mmpy-16/libgcc.a(_clzsi2.o)
 .debug_info    0x000000000000159b      0x2b1 /usr/lib/gcc/msp430/4.6.3/mmpy-16/libgcc.a(_pack_sf.o)
 .debug_info    0x000000000000184c      0x23e /usr/lib/gcc/msp430/4.6.3/mmpy-16/libgcc.a(_unpack_sf.o)
 .debug_info    0x0000000000001a8a      0x1d5 /usr/lib/gcc/msp430/4.6.3/mmpy-16/libgcc.a(_fpcmp_parts_sf.o)
 .debug_info    0x0000000000001c5f       0xa0 /usr/lib/gcc/msp430/4.6.3/mmpy-16/libgcc.a(_clz.o)
 .debug_info    0x0000000000001cff       0xbb /usr/lib/gcc/msp430/4.6.3/../../../../msp430/lib/mmpy-16/libc.a(strncmp.o)
 .debug_info    0x0000000000001dba       0xe8 /usr/lib/gcc/msp430/4.6.3/../../../../msp430/lib/mmpy-16/libc.a(memcmp.o)
 .debug_info    0x0000000000001ea2      0x113 /usr/lib/gcc/msp430/4.6.3/../../../../msp430/lib/mmpy-16/libc.a(memcpy.o)
 .debug_info    0x0000000000001fb5       0xfe /usr/lib/gcc/msp430/4.6.3/../../../../msp430/lib/mmpy-16/libc.a(memset.o)
 .debug_info    0x00000000000020b3      0x151 /usr/lib/gcc/msp430/4.6.3/../../../../msp430/lib/mmpy-16/libc.a(malloc.o)
 .debug_info    0x0000000000002204      0x105 /usr/lib/gcc/msp430/4.6.3/../../../../msp430/lib/mmpy-16/libc.a(printf.o)
 .debug_info    0x0000000000002309      0x565 /usr/lib/gcc/msp430/4.6.3/../../../../msp430/lib/mmpy-16/libc.a(vuprintf.o)
 .debug_info    0x000000000000286e       0x96 /usr/lib/gcc/msp430/4.6.3/../../../../msp430/lib/mmpy-16/libc.a(puts.o)
 .debug_info    0x0000000000002904      0x13f /usr/lib/gcc/msp430/4.6.3/../../../../msp430/lib/mmpy-16/libc.a(rand.o)
 .debug_info    0x0000000000002a43       0xec /usr/lib/gcc/msp430/4.6.3/mmpy-16/libgcc.a(_udivmod64.o)
 .debug_info    0x0000000000002b2f       0xce /usr/lib/gcc/msp430/4.6.3/mmpy-16/libcrt0.a(__watchdog_support.o)
 .debug_info    0x0000000000002bfd       0xce /usr/lib/gcc/msp430/4.6.3/mmpy-16/libcrt0.a(__init_stack.o)
 .debug_info    0x0000000000002ccb       0xce /usr/lib/gcc/msp430/4.6.3/mmpy-16/libcrt0.a(_copy_data.o)
 .debug_info    0x0000000000002d99       0xce /usr/lib/gcc/msp430/4.6.3/mmpy-16/libcrt0.a(_clear_bss.o)
 .debug_info    0x0000000000002e67       0xce /usr/lib/gcc/msp430/4.6.3/mmpy-16/libcrt0.a(_endless_loop__.o)
 .debug_info    0x0000000000002f35       0xce /usr/lib/gcc/msp430/4.6.3/mmpy-16/libcrt0.a(_unexpected_.o)
 *(.gnu.linkonce.wi.*)

.debug_abbrev   0x0000000000000000     0x15f0
 *(.debug_abbrev)
 .debug_abbrev  0x0000000000000000       0x14 /usr/lib/gcc/msp430/4.6.3/mmpy-16/libgcc.a(_mulsi3.o)
 .debug_abbrev  0x0000000000000014       0x14 /usr/lib/gcc/msp430/4.6.3/mmpy-16/libgcc.a(_udivmod16.o)
 .debug_abbrev  0x0000000000000028       0x14 /usr/lib/gcc/msp430/4.6.3/mmpy-16/libgcc.a(_udivmod32.o)
 .debug_abbrev  0x000000000000003c       0x14 /usr/lib/gcc/msp430/4.6.3/mmpy-16/libgcc.a(_divmod32.o)
 .debug_abbrev  0x0000000000000050       0x5d /usr/lib/gcc/msp430/4.6.3/mmpy-16/libgcc.a(_fixunssfsi.o)
 .debug_abbrev  0x00000000000000ad      0x1ab /usr/lib/gcc/msp430/4.6.3/mmpy-16/libgcc.a(_addsub_sf.o)
 .debug_abbrev  0x0000000000000258      0x1d9 /usr/lib/gcc/msp430/4.6.3/mmpy-16/libgcc.a(_mul_sf.o)
 .debug_abbrev  0x0000000000000431      0x151 /usr/lib/gcc/msp430/4.6.3/mmpy-16/libgcc.a(_ge_sf.o)
 .debug_abbrev  0x0000000000000582      0x160 /usr/lib/gcc/msp430/4.6.3/mmpy-16/libgcc.a(_sf_to_si.o)
 .debug_abbrev  0x00000000000006e2       0xba /usr/lib/gcc/msp430/4.6.3/mmpy-16/libgcc.a(_thenan_sf.o)
 .debug_abbrev  0x000000000000079c      0x173 /usr/lib/gcc/msp430/4.6.3/mmpy-16/libgcc.a(_usi_to_sf.o)
 .debug_abbrev  0x000000000000090f       0xac /usr/lib/gcc/msp430/4.6.3/mmpy-16/libgcc.a(_clzsi2.o)
 .debug_abbrev  0x00000000000009bb      0x192 /usr/lib/gcc/msp430/4.6.3/mmpy-16/libgcc.a(_pack_sf.o)
 .debug_abbrev  0x0000000000000b4d      0x15a /usr/lib/gcc/msp430/4.6.3/mmpy-16/libgcc.a(_unpack_sf.o)
 .debug_abbrev  0x0000000000000ca7      0x10b /usr/lib/gcc/msp430/4.6.3/mmpy-16/libgcc.a(_fpcmp_parts_sf.o)
 .debug_abbrev  0x0000000000000db2       0x61 /usr/lib/gcc/msp430/4.6.3/mmpy-16/libgcc.a(_clz.o)
 .debug_abbrev  0x0000000000000e13       0x7c /usr/lib/gcc/msp430/4.6.3/../../../../msp430/lib/mmpy-16/libc.a(strncmp.o)
 .debug_abbrev  0x0000000000000e8f       0x9b /usr/lib/gcc/msp430/4.6.3/../../../../msp430/lib/mmpy-16/libc.a(memcmp.o)
 .debug_abbrev  0x0000000000000f2a       0x97 /usr/lib/gcc/msp430/4.6.3/../../../../msp430/lib/mmpy-16/libc.a(memcpy.o)
 .debug_abbrev  0x0000000000000fc1       0x9c /usr/lib/gcc/msp430/4.6.3/../../../../msp430/lib/mmpy-16/libc.a(memset.o)
 .debug_abbrev  0x000000000000105d       0xf8 /usr/lib/gcc/msp430/4.6.3/../../../../msp430/lib/mmpy-16/libc.a(malloc.o)
 .debug_abbrev  0x0000000000001155       0xd0 /usr/lib/gcc/msp430/4.6.3/../../../../msp430/lib/mmpy-16/libc.a(printf.o)
 .debug_abbrev  0x0000000000001225      0x1ef /usr/lib/gcc/msp430/4.6.3/../../../../msp430/lib/mmpy-16/libc.a(vuprintf.o)
 .debug_abbrev  0x0000000000001414       0x60 /usr/lib/gcc/msp430/4.6.3/../../../../msp430/lib/mmpy-16/libc.a(puts.o)
 .debug_abbrev  0x0000000000001474       0xf0 /usr/lib/gcc/msp430/4.6.3/../../../../msp430/lib/mmpy-16/libc.a(rand.o)
 .debug_abbrev  0x0000000000001564       0x14 /usr/lib/gcc/msp430/4.6.3/mmpy-16/libgcc.a(_udivmod64.o)
 .debug_abbrev  0x0000000000001578       0x14 /usr/lib/gcc/msp430/4.6.3/mmpy-16/libcrt0.a(__watchdog_support.o)
 .debug_abbrev  0x000000000000158c       0x14 /usr/lib/gcc/msp430/4.6.3/mmpy-16/libcrt0.a(__init_stack.o)
 .debug_abbrev  0x00000000000015a0       0x14 /usr/lib/gcc/msp430/4.6.3/mmpy-16/libcrt0.a(_copy_data.o)
 .debug_abbrev  0x00000000000015b4       0x14 /usr/lib/gcc/msp430/4.6.3/mmpy-16/libcrt0.a(_clear_bss.o)
 .debug_abbrev  0x00000000000015c8       0x14 /usr/lib/gcc/msp430/4.6.3/mmpy-16/libcrt0.a(_endless_loop__.o)
 .debug_abbrev  0x00000000000015dc       0x14 /usr/lib/gcc/msp430/4.6.3/mmpy-16/libcrt0.a(_unexpected_.o)

.debug_line     0x0000000000000000     0x18b3
 *(.debug_line)
 .debug_line    0x0000000000000000       0xae /usr/lib/gcc/msp430/4.6.3/mmpy-16/libgcc.a(_mulsi3.o)
 .debug_line    0x00000000000000ae       0xa7 /usr/lib/gcc/msp430/4.6.3/mmpy-16/libgcc.a(_udivmod16.o)
 .debug_line    0x0000000000000155       0xb6 /usr/lib/gcc/msp430/4.6.3/mmpy-16/libgcc.a(_udivmod32.o)
 .debug_line    0x000000000000020b       0xbb /usr/lib/gcc/msp430/4.6.3/mmpy-16/libgcc.a(_divmod32.o)
 .debug_line    0x00000000000002c6       0x9f /usr/lib/gcc/msp430/4.6.3/mmpy-16/libgcc.a(_fixunssfsi.o)
 .debug_line    0x0000000000000365      0x14a /usr/lib/gcc/msp430/4.6.3/mmpy-16/libgcc.a(_addsub_sf.o)
 .debug_line    0x00000000000004af      0x142 /usr/lib/gcc/msp430/4.6.3/mmpy-16/libgcc.a(_mul_sf.o)
 .debug_line    0x00000000000005f1       0xbc /usr/lib/gcc/msp430/4.6.3/mmpy-16/libgcc.a(_ge_sf.o)
 .debug_line    0x00000000000006ad       0xca /usr/lib/gcc/msp430/4.6.3/mmpy-16/libgcc.a(_sf_to_si.o)
 .debug_line    0x0000000000000777       0x9f /usr/lib/gcc/msp430/4.6.3/mmpy-16/libgcc.a(_thenan_sf.o)
 .debug_line    0x0000000000000816       0xd1 /usr/lib/gcc/msp430/4.6.3/mmpy-16/libgcc.a(_usi_to_sf.o)
 .debug_line    0x00000000000008e7       0xc9 /usr/lib/gcc/msp430/4.6.3/mmpy-16/libgcc.a(_clzsi2.o)
 .debug_line    0x00000000000009b0      0x10d /usr/lib/gcc/msp430/4.6.3/mmpy-16/libgcc.a(_pack_sf.o)
 .debug_line    0x0000000000000abd       0xe8 /usr/lib/gcc/msp430/4.6.3/mmpy-16/libgcc.a(_unpack_sf.o)
 .debug_line    0x0000000000000ba5       0xf3 /usr/lib/gcc/msp430/4.6.3/mmpy-16/libgcc.a(_fpcmp_parts_sf.o)
 .debug_line    0x0000000000000c98       0x8b /usr/lib/gcc/msp430/4.6.3/mmpy-16/libgcc.a(_clz.o)
 .debug_line    0x0000000000000d23       0x75 /usr/lib/gcc/msp430/4.6.3/../../../../msp430/lib/mmpy-16/libc.a(strncmp.o)
 .debug_line    0x0000000000000d98       0x73 /usr/lib/gcc/msp430/4.6.3/../../../../msp430/lib/mmpy-16/libc.a(memcmp.o)
 .debug_line    0x0000000000000e0b       0xe9 /usr/lib/gcc/msp430/4.6.3/../../../../msp430/lib/mmpy-16/libc.a(memcpy.o)
 .debug_line    0x0000000000000ef4       0xc8 /usr/lib/gcc/msp430/4.6.3/../../../../msp430/lib/mmpy-16/libc.a(memset.o)
 .debug_line    0x0000000000000fbc       0xbe /usr/lib/gcc/msp430/4.6.3/../../../../msp430/lib/mmpy-16/libc.a(malloc.o)
 .debug_line    0x000000000000107a       0x72 /usr/lib/gcc/msp430/4.6.3/../../../../msp430/lib/mmpy-16/libc.a(printf.o)
 .debug_line    0x00000000000010ec      0x2d2 /usr/lib/gcc/msp430/4.6.3/../../../../msp430/lib/mmpy-16/libc.a(vuprintf.o)
 .debug_line    0x00000000000013be       0x4d /usr/lib/gcc/msp430/4.6.3/../../../../msp430/lib/mmpy-16/libc.a(puts.o)
 .debug_line    0x000000000000140b       0x4f /usr/lib/gcc/msp430/4.6.3/../../../../msp430/lib/mmpy-16/libc.a(rand.o)
 .debug_line    0x000000000000145a       0xfc /usr/lib/gcc/msp430/4.6.3/mmpy-16/libgcc.a(_udivmod64.o)
 .debug_line    0x0000000000001556       0x8f /usr/lib/gcc/msp430/4.6.3/mmpy-16/libcrt0.a(__watchdog_support.o)
 .debug_line    0x00000000000015e5       0x8d /usr/lib/gcc/msp430/4.6.3/mmpy-16/libcrt0.a(__init_stack.o)
 .debug_line    0x0000000000001672       0x93 /usr/lib/gcc/msp430/4.6.3/mmpy-16/libcrt0.a(_copy_data.o)
 .debug_line    0x0000000000001705       0x93 /usr/lib/gcc/msp430/4.6.3/mmpy-16/libcrt0.a(_clear_bss.o)
 .debug_line    0x0000000000001798       0x8e /usr/lib/gcc/msp430/4.6.3/mmpy-16/libcrt0.a(_endless_loop__.o)
 .debug_line    0x0000000000001826       0x8d /usr/lib/gcc/msp430/4.6.3/mmpy-16/libcrt0.a(_unexpected_.o)

.debug_frame    0x0000000000000000      0x446
 *(.debug_frame)
 .debug_frame   0x0000000000000000       0x28 /usr/lib/gcc/msp430/4.6.3/mmpy-16/libgcc.a(_fixunssfsi.o)
 .debug_frame   0x0000000000000028       0x6a /usr/lib/gcc/msp430/4.6.3/mmpy-16/libgcc.a(_addsub_sf.o)
 .debug_frame   0x0000000000000092       0x4a /usr/lib/gcc/msp430/4.6.3/mmpy-16/libgcc.a(_mul_sf.o)
 .debug_frame   0x00000000000000dc       0x22 /usr/lib/gcc/msp430/4.6.3/mmpy-16/libgcc.a(_ge_sf.o)
 .debug_frame   0x00000000000000fe       0x22 /usr/lib/gcc/msp430/4.6.3/mmpy-16/libgcc.a(_sf_to_si.o)
 .debug_frame   0x0000000000000120       0x36 /usr/lib/gcc/msp430/4.6.3/mmpy-16/libgcc.a(_usi_to_sf.o)
 .debug_frame   0x0000000000000156       0x2e /usr/lib/gcc/msp430/4.6.3/mmpy-16/libgcc.a(_clzsi2.o)
 .debug_frame   0x0000000000000184       0x38 /usr/lib/gcc/msp430/4.6.3/mmpy-16/libgcc.a(_pack_sf.o)
 .debug_frame   0x00000000000001bc       0x28 /usr/lib/gcc/msp430/4.6.3/mmpy-16/libgcc.a(_unpack_sf.o)
 .debug_frame   0x00000000000001e4       0x24 /usr/lib/gcc/msp430/4.6.3/mmpy-16/libgcc.a(_fpcmp_parts_sf.o)
 .debug_frame   0x0000000000000208       0x24 /usr/lib/gcc/msp430/4.6.3/../../../../msp430/lib/mmpy-16/libc.a(strncmp.o)
 .debug_frame   0x000000000000022c       0x24 /usr/lib/gcc/msp430/4.6.3/../../../../msp430/lib/mmpy-16/libc.a(memcmp.o)